🚀 실제 PC방 사진 크롤링 + 업로드 시작

📍 [서울] 페이지 8/8
  ℹ️  5개 게시글 발견
    ⏳ [5] 구의동 먹자골목 내 상권좋은곳에 있는 PC방입니다 2층... (5장)
       ✅ 업로드됨
    ⏳ [4] 중곡동 위치한 피씨방 팝니다!!!... (4장)
       ✅ 업로드됨
    ⚠️  [3] 서울 강북구 수유동 419사거리 성인pc방 - 실제 사진 없음
    ⏳ [2] 구로성피매매저업... (4장)
       ✅ 업로드됨
    ⏳ [1] 강서구 신월동 성인 pc방 팜니다... (3장)
       ✅ 업로드됨
📍 [서울] 페이지 7/8
  ℹ️  10개 게시글 발견
    ⚠️  [10] 성인피씨방 수유동 매매 - 실제 사진 없음
    ⏳ [9] 서울  강서구  방화동... (3장)
       ✅ 업로드됨
    ⚠️  [8] 도봉구 창동 PC방 팝니다 - 실제 사진 없음
    ⚠️  [7] 강서구 마곡동 성인PC 급매 - 실제 사진 없음
    ⚠️  [6] 강북구청 먹자 골목 내 성인 피시방 팝니다 - 실제 사진 없음
    ⚠️  [5] 강서구 방화동 성인pc 팝니다 - 실제 사진 없음
    ⏳ [4] 금천구 시흥동 성인PC 판매합니다... (3장)
       ✅ 업로드됨
    ⚠️  [3] 서울  강서구  방화동 - 실제 사진 없음
    ⏳ [2] 평택시 비전동 소사벌 먹자골목 PC... (3장)
       ✅ 업로드됨
    ⚠️  [1] 면목동 방석집 최고상권 - 실제 사진 없음
📍 [서울] 페이지 6/8
  ℹ️  10개 게시글 발견
    ⏳ [10] 양천구 목동 대박PC 팝니다... (5장)
       ✅ 업로드됨
    ⏳ [9] 서울 성인pc판매 권리금 대폭인하... (7장)
       ✅ 업로드됨
    ⏳ [8] 서울 도봉구 방학동 성인pc방 판매합니다.... (2장)
       ✅ 업로드됨
    ⏳ [7] 상계동 상계pc방 수락산 !!월 내용괞찬습니다... (4장)
       ✅ 업로드됨
    ⚠️  [6] 강동구 길동사거리 성인피씨방 판매합니다 - 실제 사진 없음
    ⚠️  [5] 강북구 삼양동 - 실제 사진 없음
    ⚠️  [4] 강동구 천호동 성인PC 팝니다. - 실제 사진 없음
    ⏳ [3] 서울 역삼동 최고중심상가 매장 매물입니다. 유동인구 넘... (8장)
       ✅ 업로드됨
    ⏳ [2] 목동 피시방팝니다... (5장)
       ✅ 업로드됨
    ⏳ [1] 신림동 성인pc 판매 합니다 급처분 해요... (5장)
       ✅ 업로드됨
📍 [서울] 페이지 5/8
  ℹ️  10개 게시글 발견
    ⏳ [10] 서울시 가락동 1층 먹자골목 메인[거래완료]... (2장)
       ✅ 업로드됨
    ⏳ [9] 입지최고 A급상권 자양시장앞 대로변인근 PC방 매매합니... (4장)
       ✅ 업로드됨
    ⏳ [8] 관악구 구로전화구 옆 성인pc방 판매합니다... (8장)
       ✅ 업로드됨
    ⏳ [7] 구로구... (5장)
       ✅ 업로드됨
    ⏳ [6] 청량리 제기동... (6장)
       ✅ 업로드됨
    ⏳ [5] 신월동 성인PC방 매매 / 화장실 & 뒷문... (1장)
       ✅ 업로드됨
    ⏳ [4] 목동(로데오거리) 성인PC방... (7장)
       ✅ 업로드됨
    ⏳ [3] 서울특별시 금천구 독산동... (2장)
       ✅ 업로드됨
    ⏳ [2] 대림동 인구이동 많은 대로변 1층(급처분)... (7장)
       ✅ 업로드됨
    ⏳ [1] 금천구 독산동 성피 매매합니다. 보500 권500... (1장)
       ✅ 업로드됨
📍 [서울] 페이지 4/8
  ℹ️  10개 게시글 발견
    ⚠️  [10] 강서구 방화동 성인PC 매매 - 실제 사진 없음
    ⏳ [9] 피시방 팝니다.... (6장)
       ✅ 업로드됨
    ⏳ [8] 서울 구로구 개봉동 PC방 팝니다.... (4장)
       ✅ 업로드됨
    ⏳ [7] 서울 구로구 개봉동 PC방 팝니다.... (4장)
       ✅ 업로드됨
    ⏳ [6] 서울 성동구 화양리 사거리 피시방 팝니다... (5장)
       ✅ 업로드됨
    ⏳ [5] 서대문구 성인PC방 매매... (1장)
       ✅ 업로드됨
    ⏳ [4] 급매 연신내 성인PC방 매매... (1장)
       ✅ 업로드됨
    ⏳ [3] 오정동 시장후문 대로변... (1장)
       ✅ 업로드됨
    ⏳ [2] (급매) 서울 강서구 신월동 성인PC 매매... (2장)
       ✅ 업로드됨
    ⏳ [1] 강서구 신월동 매장 판매합니다.... (3장)
       ✅ 업로드됨
📍 [서울] 페이지 3/8
  ℹ️  10개 게시글 발견
    ⏳ [10] 성인pc방판매 서울 동대문구 답십리 사거리... (1장)
       ✅ 업로드됨
    ⚠️  [9] 서울 신림동 성피 급매 - 실제 사진 없음
    ⏳ [8] 구로동 성인피씨 남구로역 인근... (6장)
       ✅ 업로드됨
    ⏳ [7] (급매)신림동 성인피시방 팝니다 권리 인하... (5장)
       ✅ 업로드됨
    ⏳ [6] 가락동 피씨방팝니다... (4장)
       ✅ 업로드됨
    ⏳ [5] 사당동 독점매장 급매... (7장)
       ✅ 업로드됨
    ⏳ [4] (권리500,빠른판매 원함) 강서구 화곡동 피씨방 판매... (3장)
       ✅ 업로드됨
    ⏳ [3] 상권 잡힌 도봉구 방학동 매장 판매합니다... (4장)
       ✅ 업로드됨
    ⏳ [2] 강서구 화곡동 피씨방 급매합니다... (3장)
       ✅ 업로드됨
    ⏳ [1] 화양리 사거리 PC 판매... (4장)
       ✅ 업로드됨
📍 [서울] 페이지 2/8
  ℹ️  10개 게시글 발견
    ⏳ [10] 신림메인거리pc... (13장)
       ✅ 업로드됨
    ⏳ [9] 대림pc... (7장)
       ✅ 업로드됨
    ⏳ [8] 서울 중랑구 면목동 매물 판매 합니다.... (2장)
       ✅ 업로드됨
    ⏳ [7] 대림동... (7장)
       ✅ 업로드됨
    ⏳ [6] 강서구 화곡동 성인pc... (7장)
       ✅ 업로드됨
    ⏳ [5] 대림동 피씨방... (4장)
       ✅ 업로드됨
    ⏳ [4] 화곡동 성인pc... (7장)
       ✅ 업로드됨
    ⏳ [3] 화곡동 성인pc... (6장)
       ✅ 업로드됨
    ⏳ [2] 상봉동 성인pc 매매... (8장)
       ✅ 업로드됨
    ⚠️  [1] 강북구 수유동 (사진은 추후 업뎃예정) - 실제 사진 없음
📍 [서울] 페이지 1/8
  ℹ️  10개 게시글 발견
    ⏳ [10] 강서구 화곡동 피씨방 급매합니다,,... (3장)
       ✅ 업로드됨
    ⏳ [9] 골든벨 먹튀 싸이트 입니다 참고 하세요... (1장)
       ✅ 업로드됨
    ⏳ [8] 화곡동 성인pc... (5장)
       ✅ 업로드됨
    ⏳ [7] 상계동(수락산역 근처) 성인 PC방 매물 등록합니다.... (5장)
       ✅ 업로드됨
    ⏳ [6] 서울 동대문구pc... (6장)
       ✅ 업로드됨
    ⚠️  [5] 성인PC방 매매 - 실제 사진 없음
    ⏳ [4] 강서구화곡동... (5장)
       ✅ 업로드됨
    ⚠️  [3] 서울 방학동 성인pc - 실제 사진 없음
    ⏳ [2] 신월3동시장 독점!!... (9장)
       ✅ 업로드됨
    ⏳ [1] 신림동성인PC방 팝니다... (7장)
       ✅ 업로드됨
📍 [경기도] 페이지 27/27
  ℹ️  10개 게시글 발견
    ⏳ [10] 수원 못골(지동)시장 입구쪽에 있는 성인pc방 팝니다.... (3장)
       ✅ 업로드됨
