🚀 지역별 전체 매물 크롤링 시작

📍 [서울] 페이지 8/8 크롤링...
  ✅ 6개 발견
📍 [서울] 페이지 7/8 크롤링...
  ✅ 10개 발견
📍 [서울] 페이지 6/8 크롤링...
  ✅ 10개 발견
📍 [서울] 페이지 5/8 크롤링...
  ✅ 10개 발견
📍 [서울] 페이지 4/8 크롤링...
  ✅ 10개 발견
📍 [서울] 페이지 3/8 크롤링...
  ✅ 10개 발견
📍 [서울] 페이지 2/8 크롤링...
  ✅ 10개 발견
📍 [서울] 페이지 1/8 크롤링...
  ✅ 10개 발견

📊 [서울] 완료: 76개

📍 [경기도] 페이지 27/27 크롤링...
  ✅ 10개 발견
📍 [경기도] 페이지 26/27 크롤링...
  ✅ 10개 발견
📍 [경기도] 페이지 25/27 크롤링...
  ✅ 10개 발견
📍 [경기도] 페이지 24/27 크롤링...
  ✅ 10개 발견
📍 [경기도] 페이지 23/27 크롤링...
  ✅ 10개 발견
📍 [경기도] 페이지 22/27 크롤링...
  ✅ 10개 발견
📍 [경기도] 페이지 21/27 크롤링...
  ✅ 10개 발견
📍 [경기도] 페이지 20/27 크롤링...
  ✅ 10개 발견
📍 [경기도] 페이지 19/27 크롤링...
  ✅ 10개 발견
📍 [경기도] 페이지 18/27 크롤링...
  ✅ 10개 발견
📍 [경기도] 페이지 17/27 크롤링...
  ✅ 10개 발견
📍 [경기도] 페이지 16/27 크롤링...
  ✅ 10개 발견
📍 [경기도] 페이지 15/27 크롤링...
  ✅ 10개 발견
📍 [경기도] 페이지 14/27 크롤링...
  ✅ 10개 발견
📍 [경기도] 페이지 13/27 크롤링...
  ✅ 10개 발견
📍 [경기도] 페이지 12/27 크롤링...
  ✅ 10개 발견
📍 [경기도] 페이지 11/27 크롤링...
  ✅ 10개 발견
📍 [경기도] 페이지 10/27 크롤링...
  ✅ 10개 발견
📍 [경기도] 페이지 9/27 크롤링...
  ✅ 10개 발견
📍 [경기도] 페이지 8/27 크롤링...
  ✅ 10개 발견
📍 [경기도] 페이지 7/27 크롤링...
  ✅ 10개 발견
📍 [경기도] 페이지 6/27 크롤링...
  ✅ 10개 발견
📍 [경기도] 페이지 5/27 크롤링...
  ✅ 10개 발견
📍 [경기도] 페이지 4/27 크롤링...
  ✅ 10개 발견
📍 [경기도] 페이지 3/27 크롤링...
  ✅ 10개 발견
📍 [경기도] 페이지 2/27 크롤링...
  ✅ 10개 발견
📍 [경기도] 페이지 1/27 크롤링...
  ✅ 10개 발견

📊 [경기도] 완료: 270개

📍 [강원도] 페이지 2/2 크롤링...
  ✅ 4개 발견
📍 [강원도] 페이지 1/2 크롤링...
  ✅ 10개 발견

📊 [강원도] 완료: 14개

📍 [인천] 페이지 9/9 크롤링...
  ✅ 10개 발견
📍 [인천] 페이지 8/9 크롤링...
  ✅ 10개 발견
📍 [인천] 페이지 7/9 크롤링...
  ✅ 10개 발견
📍 [인천] 페이지 6/9 크롤링...
  ✅ 10개 발견
📍 [인천] 페이지 5/9 크롤링...
  ✅ 10개 발견
📍 [인천] 페이지 4/9 크롤링...
  ✅ 10개 발견
📍 [인천] 페이지 3/9 크롤링...
  ✅ 10개 발견
📍 [인천] 페이지 2/9 크롤링...
  ✅ 10개 발견
📍 [인천] 페이지 1/9 크롤링...
  ✅ 10개 발견

📊 [인천] 완료: 90개

📍 [충청북도] 페이지 9/9 크롤링...
  ✅ 10개 발견
📍 [충청북도] 페이지 8/9 크롤링...
  ✅ 10개 발견
📍 [충청북도] 페이지 7/9 크롤링...
  ✅ 10개 발견
📍 [충청북도] 페이지 6/9 크롤링...
  ✅ 10개 발견
📍 [충청북도] 페이지 5/9 크롤링...
  ✅ 10개 발견
📍 [충청북도] 페이지 4/9 크롤링...
  ✅ 10개 발견
📍 [충청북도] 페이지 3/9 크롤링...
  ✅ 10개 발견
📍 [충청북도] 페이지 2/9 크롤링...
  ✅ 0개 발견
📍 [충청북도] 페이지 1/9 크롤링...
  ✅ 0개 발견

📊 [충청북도] 완료: 70개

📍 [충청남도] 페이지 9/9 크롤링...
  ✅ 0개 발견
📍 [충청남도] 페이지 8/9 크롤링...
  ✅ 0개 발견
📍 [충청남도] 페이지 7/9 크롤링...
  ✅ 0개 발견
📍 [충청남도] 페이지 6/9 크롤링...
  ✅ 0개 발견
📍 [충청남도] 페이지 5/9 크롤링...
  ✅ 0개 발견
📍 [충청남도] 페이지 4/9 크롤링...
  ✅ 0개 발견
📍 [충청남도] 페이지 3/9 크롤링...
  ✅ 0개 발견
📍 [충청남도] 페이지 2/9 크롤링...
  ✅ 0개 발견
📍 [충청남도] 페이지 1/9 크롤링...
  ✅ 0개 발견

📊 [충청남도] 완료: 0개

📍 [경상북도] 페이지 9/9 크롤링...
  ✅ 0개 발견
📍 [경상북도] 페이지 8/9 크롤링...
  ✅ 0개 발견
📍 [경상북도] 페이지 7/9 크롤링...
  ✅ 10개 발견
📍 [경상북도] 페이지 6/9 크롤링...
  ✅ 10개 발견
📍 [경상북도] 페이지 5/9 크롤링...
  ✅ 10개 발견
📍 [경상북도] 페이지 4/9 크롤링...
  ✅ 10개 발견
📍 [경상북도] 페이지 3/9 크롤링...
  ✅ 10개 발견
📍 [경상북도] 페이지 2/9 크롤링...
  ✅ 10개 발견
📍 [경상북도] 페이지 1/9 크롤링...
  ✅ 10개 발견

📊 [경상북도] 완료: 70개

📍 [경상남도] 페이지 9/9 크롤링...
  ✅ 10개 발견
📍 [경상남도] 페이지 8/9 크롤링...
  ✅ 10개 발견
📍 [경상남도] 페이지 7/9 크롤링...
  ✅ 10개 발견
📍 [경상남도] 페이지 6/9 크롤링...
  ✅ 10개 발견
📍 [경상남도] 페이지 5/9 크롤링...
  ✅ 10개 발견
📍 [경상남도] 페이지 4/9 크롤링...
  ✅ 10개 발견
📍 [경상남도] 페이지 3/9 크롤링...
  ✅ 10개 발견
📍 [경상남도] 페이지 2/9 크롤링...
  ✅ 10개 발견
📍 [경상남도] 페이지 1/9 크롤링...
  ✅ 10개 발견

📊 [경상남도] 완료: 90개

📍 [전라북도] 페이지 2/2 크롤링...
  ✅ 9개 발견
📍 [전라북도] 페이지 1/2 크롤링...
  ✅ 10개 발견

📊 [전라북도] 완료: 19개

📍 [전라남도] 페이지 4/4 크롤링...
  ✅ 10개 발견
📍 [전라남도] 페이지 3/4 크롤링...
  ✅ 10개 발견
📍 [전라남도] 페이지 2/4 크롤링...
  ✅ 10개 발견
📍 [전라남도] 페이지 1/4 크롤링...
  ✅ 10개 발견

📊 [전라남도] 완료: 40개

📍 [제주도] 페이지 1/1 크롤링...
  ✅ 6개 발견

📊 [제주도] 완료: 6개


✅ 총 745개 매물 수집됨
📄 저장: scripts/output/all-listings.json
