[2026. 5. 18. AM 2:34:53] [INFO] Playwright 브라우저 시작 중...
[2026. 5. 18. AM 2:34:54] [INFO] 페이지 8 크롤링 중...
[2026. 5. 18. AM 2:34:56] [INFO] 페이지 8: 4개 게시글 발견
[2026. 5. 18. AM 2:34:57] [INFO] 총 4개 게시글 발견
[2026. 5. 18. AM 2:34:57] [INFO] === 발견된 게시글 ===
[2026. 5. 18. AM 2:34:57] [INFO] 1. 구로성피매매저업
[2026. 5. 18. AM 2:34:57] [INFO]    - 작성자: 김민****
[2026. 5. 18. AM 2:34:57] [INFO]    - 날짜: 2023-05-19
[2026. 5. 18. AM 2:34:57] [INFO]    - 조회: 1080, 댓글: 3
[2026. 5. 18. AM 2:34:57] [INFO]    - 설명: 1. 매물업종 : 성인PC방2. 매물위치 : 구로3. 실평수 : 74. 해당층 : 15. ...
[2026. 5. 18. AM 2:34:57] [INFO] 2. 서울 강북구 수유동 419사거리 성인pc방
[2026. 5. 18. AM 2:34:57] [INFO]    - 작성자: 김찬****
[2026. 5. 18. AM 2:34:57] [INFO]    - 날짜: 2023-05-15
[2026. 5. 18. AM 2:34:57] [INFO]    - 조회: 871, 댓글: 0
[2026. 5. 18. AM 2:34:57] [INFO]    - 설명: 1. 매물업종 : 성인PC방2. 매물위치 : 강북구 수유동 419사거리3. 실평수 : 7평...
[2026. 5. 18. AM 2:34:57] [INFO] 3. 중곡동 위치한 피씨방 팝니다!!!
[2026. 5. 18. AM 2:34:57] [INFO]    - 작성자: 이상****
[2026. 5. 18. AM 2:34:57] [INFO]    - 날짜: 2023-05-01
[2026. 5. 18. AM 2:34:57] [INFO]    - 조회: 1222, 댓글: 0
[2026. 5. 18. AM 2:34:57] [INFO]    - 이미지: https://cdn.imweb.me/thumbnail/20230501/59c94cde88...
[2026. 5. 18. AM 2:34:57] [INFO]    - 설명: 1. 매물업종 : 성인PC방2. 매물위치 : 서울시 광진구 중곡동(장평교부근)3. 실평수 ...
[2026. 5. 18. AM 2:34:57] [INFO] 4. 구의동 먹자골목 내 상권좋은곳에 있는 PC방입니다 2층매장 소방 有
[2026. 5. 18. AM 2:34:57] [INFO]    - 작성자: 이동****
[2026. 5. 18. AM 2:34:57] [INFO]    - 날짜: 2023-04-10
[2026. 5. 18. AM 2:34:57] [INFO]    - 조회: 1725, 댓글: 0
[2026. 5. 18. AM 2:34:57] [INFO]    - 이미지: https://cdn.imweb.me/thumbnail/20230410/b0ef23e4a4...
[2026. 5. 18. AM 2:34:57] [INFO]    - 설명: 1. 매물업종 : 성인PC방2. 매물위치 :  광진구 구의동3. 실평수 : 24평 4. 해...
[2026. 5. 18. AM 2:34:57] [INFO] 크롤링 완료

[2026. 5. 18. AM 2:35:55] [INFO] Playwright 브라우저 시작 중...
[2026. 5. 18. AM 2:35:55] [INFO] 페이지 8 크롤링 중...
[2026. 5. 18. AM 2:35:58] [INFO] 페이지 8: 4개 게시글 발견
[2026. 5. 18. AM 2:35:58] [INFO] 총 4개 게시글 발견
[2026. 5. 18. AM 2:35:58] [INFO] === 발견된 게시글 ===
[2026. 5. 18. AM 2:35:58] [INFO] 1. 구로성피매매저업
[2026. 5. 18. AM 2:35:58] [INFO]    - 작성자: 김민****
[2026. 5. 18. AM 2:35:58] [INFO]    - 날짜: 2023-05-19
[2026. 5. 18. AM 2:35:58] [INFO]    - 조회: 1080, 댓글: 3
[2026. 5. 18. AM 2:35:58] [INFO]    - 설명: 1. 매물업종 : 성인PC방2. 매물위치 : 구로3. 실평수 : 74. 해당층 : 15. ...
[2026. 5. 18. AM 2:35:58] [INFO] 2. 서울 강북구 수유동 419사거리 성인pc방
[2026. 5. 18. AM 2:35:58] [INFO]    - 작성자: 김찬****
[2026. 5. 18. AM 2:35:58] [INFO]    - 날짜: 2023-05-15
[2026. 5. 18. AM 2:35:58] [INFO]    - 조회: 871, 댓글: 0
[2026. 5. 18. AM 2:35:58] [INFO]    - 설명: 1. 매물업종 : 성인PC방2. 매물위치 : 강북구 수유동 419사거리3. 실평수 : 7평...
[2026. 5. 18. AM 2:35:58] [INFO] 3. 중곡동 위치한 피씨방 팝니다!!!
[2026. 5. 18. AM 2:35:58] [INFO]    - 작성자: 이상****
[2026. 5. 18. AM 2:35:58] [INFO]    - 날짜: 2023-05-01
[2026. 5. 18. AM 2:35:58] [INFO]    - 조회: 1222, 댓글: 0
[2026. 5. 18. AM 2:35:58] [INFO]    - 이미지: https://cdn.imweb.me/thumbnail/20230501/59c94cde88...
[2026. 5. 18. AM 2:35:58] [INFO]    - 설명: 1. 매물업종 : 성인PC방2. 매물위치 : 서울시 광진구 중곡동(장평교부근)3. 실평수 ...
[2026. 5. 18. AM 2:35:58] [INFO] 4. 구의동 먹자골목 내 상권좋은곳에 있는 PC방입니다 2층매장 소방 有
[2026. 5. 18. AM 2:35:58] [INFO]    - 작성자: 이동****
[2026. 5. 18. AM 2:35:58] [INFO]    - 날짜: 2023-04-10
[2026. 5. 18. AM 2:35:58] [INFO]    - 조회: 1725, 댓글: 0
[2026. 5. 18. AM 2:35:58] [INFO]    - 이미지: https://cdn.imweb.me/thumbnail/20230410/b0ef23e4a4...
[2026. 5. 18. AM 2:35:58] [INFO]    - 설명: 1. 매물업종 : 성인PC방2. 매물위치 :  광진구 구의동3. 실평수 : 24평 4. 해...
[2026. 5. 18. AM 2:35:58] [INFO] Supabase 저장 중...
[2026. 5. 18. AM 2:35:59] [WARN] ✗ 게시글 저장 실패: 구로성피매매저업 - Could not find the 'author' column of 'posts' in the schema cache
[2026. 5. 18. AM 2:35:59] [WARN] ✗ 게시글 저장 실패: 서울 강북구 수유동 419사거리 성인pc방 - Could not find the 'author' column of 'posts' in the schema cache
[2026. 5. 18. AM 2:35:59] [WARN] ✗ 게시글 저장 실패: 중곡동 위치한 피씨방 팝니다!!! - Could not find the 'author' column of 'posts' in the schema cache
[2026. 5. 18. AM 2:35:59] [WARN] ✗ 게시글 저장 실패: 구의동 먹자골목 내 상권좋은곳에 있는 PC방입니다 2층매장 소방 有 - Could not find the 'author' column of 'posts' in the schema cache
[2026. 5. 18. AM 2:35:59] [SUCCESS] ✓ 완료: 0개 게시글 추가됨, 4개 실패
[2026. 5. 18. AM 2:35:59] [INFO] 크롤링 완료

[2026. 5. 18. AM 2:36:17] [INFO] Playwright 브라우저 시작 중...
[2026. 5. 18. AM 2:36:17] [INFO] 페이지 8 크롤링 중...
[2026. 5. 18. AM 2:36:20] [INFO] 페이지 8: 4개 게시글 발견
[2026. 5. 18. AM 2:36:21] [INFO] 총 4개 게시글 발견
[2026. 5. 18. AM 2:36:21] [INFO] === 발견된 게시글 ===
[2026. 5. 18. AM 2:36:21] [INFO] 1. 구로성피매매저업
[2026. 5. 18. AM 2:36:21] [INFO]    - 작성자: 김민****
[2026. 5. 18. AM 2:36:21] [INFO]    - 날짜: 2023-05-19
[2026. 5. 18. AM 2:36:21] [INFO]    - 조회: 1080, 댓글: 3
[2026. 5. 18. AM 2:36:21] [INFO]    - 설명: 1. 매물업종 : 성인PC방2. 매물위치 : 구로3. 실평수 : 74. 해당층 : 15. ...
[2026. 5. 18. AM 2:36:21] [INFO] 2. 서울 강북구 수유동 419사거리 성인pc방
[2026. 5. 18. AM 2:36:21] [INFO]    - 작성자: 김찬****
[2026. 5. 18. AM 2:36:21] [INFO]    - 날짜: 2023-05-15
[2026. 5. 18. AM 2:36:21] [INFO]    - 조회: 871, 댓글: 0
[2026. 5. 18. AM 2:36:21] [INFO]    - 설명: 1. 매물업종 : 성인PC방2. 매물위치 : 강북구 수유동 419사거리3. 실평수 : 7평...
[2026. 5. 18. AM 2:36:21] [INFO] 3. 중곡동 위치한 피씨방 팝니다!!!
[2026. 5. 18. AM 2:36:21] [INFO]    - 작성자: 이상****
[2026. 5. 18. AM 2:36:21] [INFO]    - 날짜: 2023-05-01
[2026. 5. 18. AM 2:36:21] [INFO]    - 조회: 1222, 댓글: 0
[2026. 5. 18. AM 2:36:21] [INFO]    - 이미지: https://cdn.imweb.me/thumbnail/20230501/59c94cde88...
[2026. 5. 18. AM 2:36:21] [INFO]    - 설명: 1. 매물업종 : 성인PC방2. 매물위치 : 서울시 광진구 중곡동(장평교부근)3. 실평수 ...
[2026. 5. 18. AM 2:36:21] [INFO] 4. 구의동 먹자골목 내 상권좋은곳에 있는 PC방입니다 2층매장 소방 有
[2026. 5. 18. AM 2:36:21] [INFO]    - 작성자: 이동****
[2026. 5. 18. AM 2:36:21] [INFO]    - 날짜: 2023-04-10
[2026. 5. 18. AM 2:36:21] [INFO]    - 조회: 1725, 댓글: 0
[2026. 5. 18. AM 2:36:21] [INFO]    - 이미지: https://cdn.imweb.me/thumbnail/20230410/b0ef23e4a4...
[2026. 5. 18. AM 2:36:21] [INFO]    - 설명: 1. 매물업종 : 성인PC방2. 매물위치 :  광진구 구의동3. 실평수 : 24평 4. 해...
[2026. 5. 18. AM 2:36:21] [INFO] Supabase 저장 중...
[2026. 5. 18. AM 2:36:22] [INFO] ✓ 저장됨: 구로성피매매저업
[2026. 5. 18. AM 2:36:22] [INFO] ✓ 저장됨: 서울 강북구 수유동 419사거리 성인pc방
[2026. 5. 18. AM 2:36:22] [INFO] ✓ 저장됨: 중곡동 위치한 피씨방 팝니다!!!
[2026. 5. 18. AM 2:36:22] [INFO] ✓ 저장됨: 구의동 먹자골목 내 상권좋은곳에 있는 PC방입니다 2층매장 소방 有
[2026. 5. 18. AM 2:36:22] [SUCCESS] ✓ 완료: 4개 게시글 추가됨, 0개 실패
[2026. 5. 18. AM 2:36:22] [INFO] 크롤링 완료

[2026. 5. 18. AM 2:42:10] [INFO] Playwright 브라우저 시작 중...
[2026. 5. 18. AM 2:42:11] [INFO] 페이지 8 크롤링 중...
[2026. 5. 18. AM 2:42:13] [INFO] 페이지 8: 4개 게시글 발견
[2026. 5. 18. AM 2:42:14] [INFO] 총 4개 게시글 발견
[2026. 5. 18. AM 2:42:14] [INFO] === 발견된 게시글 ===
[2026. 5. 18. AM 2:42:14] [INFO] 1. 구로성피매매저업
[2026. 5. 18. AM 2:42:14] [INFO]    - 작성자: 김민****
[2026. 5. 18. AM 2:42:14] [INFO]    - 날짜: 2023-05-19
[2026. 5. 18. AM 2:42:14] [INFO]    - 조회: 1080, 댓글: 3
[2026. 5. 18. AM 2:42:14] [INFO]    - 이미지: (없음)
[2026. 5. 18. AM 2:42:14] [INFO]    - 설명: 1. 매물업종 : 성인PC방2. 매물위치 : 구로3. 실평수 : 74. 해당층 : 15. ...
[2026. 5. 18. AM 2:42:14] [INFO] 2. 서울 강북구 수유동 419사거리 성인pc방
[2026. 5. 18. AM 2:42:14] [INFO]    - 작성자: 김찬****
[2026. 5. 18. AM 2:42:14] [INFO]    - 날짜: 2023-05-15
[2026. 5. 18. AM 2:42:14] [INFO]    - 조회: 871, 댓글: 0
[2026. 5. 18. AM 2:42:14] [INFO]    - 이미지: (없음)
[2026. 5. 18. AM 2:42:14] [INFO]    - 설명: 1. 매물업종 : 성인PC방2. 매물위치 : 강북구 수유동 419사거리3. 실평수 : 7평...
[2026. 5. 18. AM 2:42:14] [INFO] 3. 중곡동 위치한 피씨방 팝니다!!!
[2026. 5. 18. AM 2:42:14] [INFO]    - 작성자: 이상****
[2026. 5. 18. AM 2:42:14] [INFO]    - 날짜: 2023-05-01
[2026. 5. 18. AM 2:42:14] [INFO]    - 조회: 1222, 댓글: 0
[2026. 5. 18. AM 2:42:14] [INFO]    - 이미지: https://cdn.imweb.me/thumbnail/20230501/59c94cde88ca6.jpeg
[2026. 5. 18. AM 2:42:14] [INFO]    - 설명: 1. 매물업종 : 성인PC방2. 매물위치 : 서울시 광진구 중곡동(장평교부근)3. 실평수 ...
[2026. 5. 18. AM 2:42:14] [INFO] 4. 구의동 먹자골목 내 상권좋은곳에 있는 PC방입니다 2층매장 소방 有
[2026. 5. 18. AM 2:42:14] [INFO]    - 작성자: 이동****
[2026. 5. 18. AM 2:42:14] [INFO]    - 날짜: 2023-04-10
[2026. 5. 18. AM 2:42:14] [INFO]    - 조회: 1725, 댓글: 0
[2026. 5. 18. AM 2:42:14] [INFO]    - 이미지: https://cdn.imweb.me/thumbnail/20230410/b0ef23e4a4616.jpeg
[2026. 5. 18. AM 2:42:14] [INFO]    - 설명: 1. 매물업종 : 성인PC방2. 매물위치 :  광진구 구의동3. 실평수 : 24평 4. 해...
[2026. 5. 18. AM 2:42:14] [INFO] Supabase 저장 중...
[2026. 5. 18. AM 2:42:15] [INFO] ✓ 저장됨: 구로성피매매저업
[2026. 5. 18. AM 2:42:16] [INFO] ✓ 저장됨: 서울 강북구 수유동 419사거리 성인pc방
[2026. 5. 18. AM 2:42:16] [INFO] ✓ 저장됨: 중곡동 위치한 피씨방 팝니다!!!
[2026. 5. 18. AM 2:42:16] [INFO] ✓ 저장됨: 구의동 먹자골목 내 상권좋은곳에 있는 PC방입니다 2층매장 소방 有
[2026. 5. 18. AM 2:42:16] [SUCCESS] ✓ 완료: 4개 게시글 추가됨, 0개 실패
[2026. 5. 18. AM 2:42:16] [INFO] 크롤링 완료

[2026. 5. 18. AM 2:42:39] [INFO] Playwright 브라우저 시작 중...
[2026. 5. 18. AM 2:42:39] [INFO] 페이지 8 크롤링 중...
[2026. 5. 18. AM 2:42:41] [INFO] 페이지 8: 4개 게시글 발견
[2026. 5. 18. AM 2:42:42] [INFO] 총 4개 게시글 발견
[2026. 5. 18. AM 2:42:42] [INFO] === 발견된 게시글 ===
[2026. 5. 18. AM 2:42:42] [INFO] 1. 구로성피매매저업
[2026. 5. 18. AM 2:42:42] [INFO]    - 작성자: 김민****
[2026. 5. 18. AM 2:42:42] [INFO]    - 날짜: 2023-05-19
[2026. 5. 18. AM 2:42:42] [INFO]    - 조회: 1080, 댓글: 3
[2026. 5. 18. AM 2:42:42] [INFO]    - 이미지: (없음)
[2026. 5. 18. AM 2:42:42] [INFO]    - 설명: 1. 매물업종 : 성인PC방2. 매물위치 : 구로3. 실평수 : 74. 해당층 : 15. ...
[2026. 5. 18. AM 2:42:42] [INFO] 2. 서울 강북구 수유동 419사거리 성인pc방
[2026. 5. 18. AM 2:42:42] [INFO]    - 작성자: 김찬****
[2026. 5. 18. AM 2:42:42] [INFO]    - 날짜: 2023-05-15
[2026. 5. 18. AM 2:42:42] [INFO]    - 조회: 871, 댓글: 0
[2026. 5. 18. AM 2:42:42] [INFO]    - 이미지: (없음)
[2026. 5. 18. AM 2:42:42] [INFO]    - 설명: 1. 매물업종 : 성인PC방2. 매물위치 : 강북구 수유동 419사거리3. 실평수 : 7평...
[2026. 5. 18. AM 2:42:42] [INFO] 3. 중곡동 위치한 피씨방 팝니다!!!
[2026. 5. 18. AM 2:42:42] [INFO]    - 작성자: 이상****
[2026. 5. 18. AM 2:42:42] [INFO]    - 날짜: 2023-05-01
[2026. 5. 18. AM 2:42:42] [INFO]    - 조회: 1222, 댓글: 0
[2026. 5. 18. AM 2:42:42] [INFO]    - 이미지: https://cdn.imweb.me/thumbnail/20230501/59c94cde88ca6.jpeg
[2026. 5. 18. AM 2:42:42] [INFO]    - 설명: 1. 매물업종 : 성인PC방2. 매물위치 : 서울시 광진구 중곡동(장평교부근)3. 실평수 ...
[2026. 5. 18. AM 2:42:42] [INFO] 4. 구의동 먹자골목 내 상권좋은곳에 있는 PC방입니다 2층매장 소방 有
[2026. 5. 18. AM 2:42:42] [INFO]    - 작성자: 이동****
[2026. 5. 18. AM 2:42:42] [INFO]    - 날짜: 2023-04-10
[2026. 5. 18. AM 2:42:42] [INFO]    - 조회: 1725, 댓글: 0
[2026. 5. 18. AM 2:42:42] [INFO]    - 이미지: https://cdn.imweb.me/thumbnail/20230410/b0ef23e4a4616.jpeg
[2026. 5. 18. AM 2:42:42] [INFO]    - 설명: 1. 매물업종 : 성인PC방2. 매물위치 :  광진구 구의동3. 실평수 : 24평 4. 해...
[2026. 5. 18. AM 2:42:42] [INFO] Supabase 저장 중...
[2026. 5. 18. AM 2:42:43] [INFO] ✓ 저장됨: 구로성피매매저업
[2026. 5. 18. AM 2:42:43] [INFO] ✓ 저장됨: 서울 강북구 수유동 419사거리 성인pc방
[2026. 5. 18. AM 2:42:43] [INFO] ✓ 저장됨: 중곡동 위치한 피씨방 팝니다!!!
[2026. 5. 18. AM 2:42:43] [INFO] ✓ 저장됨: 구의동 먹자골목 내 상권좋은곳에 있는 PC방입니다 2층매장 소방 有
[2026. 5. 18. AM 2:42:43] [SUCCESS] ✓ 완료: 4개 게시글 추가됨, 0개 실패
[2026. 5. 18. AM 2:42:43] [INFO] 크롤링 완료

[2026. 5. 18. AM 2:43:25] [INFO] Playwright 브라우저 시작 중...
[2026. 5. 18. AM 2:43:25] [INFO] 페이지 8 크롤링 중...
[2026. 5. 18. AM 2:43:27] [INFO] 페이지 8: 4개 게시글 발견
[2026. 5. 18. AM 2:43:28] [INFO] 총 4개 게시글 발견
[2026. 5. 18. AM 2:43:28] [INFO] === 발견된 게시글 ===
[2026. 5. 18. AM 2:43:28] [INFO] 1. 구로성피매매저업
[2026. 5. 18. AM 2:43:28] [INFO]    - 작성자: 김민****
[2026. 5. 18. AM 2:43:28] [INFO]    - 날짜: 2023-05-19
[2026. 5. 18. AM 2:43:28] [INFO]    - 조회: 1080, 댓글: 3
[2026. 5. 18. AM 2:43:28] [INFO]    - 이미지: (없음)
[2026. 5. 18. AM 2:43:28] [INFO]    - 설명: 1. 매물업종 : 성인PC방2. 매물위치 : 구로3. 실평수 : 74. 해당층 : 15. ...
[2026. 5. 18. AM 2:43:28] [INFO] 2. 서울 강북구 수유동 419사거리 성인pc방
[2026. 5. 18. AM 2:43:28] [INFO]    - 작성자: 김찬****
[2026. 5. 18. AM 2:43:28] [INFO]    - 날짜: 2023-05-15
[2026. 5. 18. AM 2:43:28] [INFO]    - 조회: 871, 댓글: 0
[2026. 5. 18. AM 2:43:28] [INFO]    - 이미지: (없음)
[2026. 5. 18. AM 2:43:28] [INFO]    - 설명: 1. 매물업종 : 성인PC방2. 매물위치 : 강북구 수유동 419사거리3. 실평수 : 7평...
[2026. 5. 18. AM 2:43:28] [INFO] 3. 중곡동 위치한 피씨방 팝니다!!!
[2026. 5. 18. AM 2:43:28] [INFO]    - 작성자: 이상****
[2026. 5. 18. AM 2:43:28] [INFO]    - 날짜: 2023-05-01
[2026. 5. 18. AM 2:43:28] [INFO]    - 조회: 1222, 댓글: 0
[2026. 5. 18. AM 2:43:28] [INFO]    - 이미지: https://cdn.imweb.me/thumbnail/20230501/59c94cde88ca6.jpeg
[2026. 5. 18. AM 2:43:28] [INFO]    - 설명: 1. 매물업종 : 성인PC방2. 매물위치 : 서울시 광진구 중곡동(장평교부근)3. 실평수 ...
[2026. 5. 18. AM 2:43:28] [INFO] 4. 구의동 먹자골목 내 상권좋은곳에 있는 PC방입니다 2층매장 소방 有
[2026. 5. 18. AM 2:43:28] [INFO]    - 작성자: 이동****
[2026. 5. 18. AM 2:43:28] [INFO]    - 날짜: 2023-04-10
[2026. 5. 18. AM 2:43:28] [INFO]    - 조회: 1725, 댓글: 0
[2026. 5. 18. AM 2:43:28] [INFO]    - 이미지: https://cdn.imweb.me/thumbnail/20230410/b0ef23e4a4616.jpeg
[2026. 5. 18. AM 2:43:28] [INFO]    - 설명: 1. 매물업종 : 성인PC방2. 매물위치 :  광진구 구의동3. 실평수 : 24평 4. 해...
[2026. 5. 18. AM 2:43:28] [INFO] Supabase 저장 중...
[2026. 5. 18. AM 2:43:28] [INFO] ✓ 저장됨: 구로성피매매저업
[2026. 5. 18. AM 2:43:29] [INFO] ✓ 저장됨: 서울 강북구 수유동 419사거리 성인pc방
[2026. 5. 18. AM 2:43:29] [WARN] ⚠ 이미지 저장 실패: 중곡동 위치한 피씨방 팝니다!!! - Could not find the table 'public.post_images' in the schema cache
[2026. 5. 18. AM 2:43:29] [INFO] ✓ 저장됨: 중곡동 위치한 피씨방 팝니다!!!
[2026. 5. 18. AM 2:43:29] [WARN] ⚠ 이미지 저장 실패: 구의동 먹자골목 내 상권좋은곳에 있는 PC방입니다 2층매장 소방 有 - Could not find the table 'public.post_images' in the schema cache
[2026. 5. 18. AM 2:43:29] [INFO] ✓ 저장됨: 구의동 먹자골목 내 상권좋은곳에 있는 PC방입니다 2층매장 소방 有
[2026. 5. 18. AM 2:43:29] [SUCCESS] ✓ 완료: 4개 게시글 추가됨, 0개 실패
[2026. 5. 18. AM 2:43:29] [INFO] 크롤링 완료

[2026. 5. 18. AM 2:43:55] [INFO] Playwright 브라우저 시작 중...
[2026. 5. 18. AM 2:43:55] [INFO] 페이지 8 크롤링 중...
[2026. 5. 18. AM 2:43:57] [INFO] 페이지 8: 4개 게시글 발견
[2026. 5. 18. AM 2:43:58] [INFO] 총 4개 게시글 발견
[2026. 5. 18. AM 2:43:58] [INFO] === 발견된 게시글 ===
[2026. 5. 18. AM 2:43:58] [INFO] 1. 구로성피매매저업
[2026. 5. 18. AM 2:43:58] [INFO]    - 작성자: 김민****
[2026. 5. 18. AM 2:43:58] [INFO]    - 날짜: 2023-05-19
[2026. 5. 18. AM 2:43:58] [INFO]    - 조회: 1080, 댓글: 3
[2026. 5. 18. AM 2:43:58] [INFO]    - 이미지: (없음)
[2026. 5. 18. AM 2:43:58] [INFO]    - 설명: 1. 매물업종 : 성인PC방2. 매물위치 : 구로3. 실평수 : 74. 해당층 : 15. ...
[2026. 5. 18. AM 2:43:58] [INFO] 2. 서울 강북구 수유동 419사거리 성인pc방
[2026. 5. 18. AM 2:43:58] [INFO]    - 작성자: 김찬****
[2026. 5. 18. AM 2:43:58] [INFO]    - 날짜: 2023-05-15
[2026. 5. 18. AM 2:43:58] [INFO]    - 조회: 871, 댓글: 0
[2026. 5. 18. AM 2:43:58] [INFO]    - 이미지: (없음)
[2026. 5. 18. AM 2:43:58] [INFO]    - 설명: 1. 매물업종 : 성인PC방2. 매물위치 : 강북구 수유동 419사거리3. 실평수 : 7평...
[2026. 5. 18. AM 2:43:58] [INFO] 3. 중곡동 위치한 피씨방 팝니다!!!
[2026. 5. 18. AM 2:43:58] [INFO]    - 작성자: 이상****
[2026. 5. 18. AM 2:43:58] [INFO]    - 날짜: 2023-05-01
[2026. 5. 18. AM 2:43:58] [INFO]    - 조회: 1222, 댓글: 0
[2026. 5. 18. AM 2:43:58] [INFO]    - 이미지: https://cdn.imweb.me/thumbnail/20230501/59c94cde88ca6.jpeg
[2026. 5. 18. AM 2:43:58] [INFO]    - 설명: 1. 매물업종 : 성인PC방2. 매물위치 : 서울시 광진구 중곡동(장평교부근)3. 실평수 ...
[2026. 5. 18. AM 2:43:58] [INFO] 4. 구의동 먹자골목 내 상권좋은곳에 있는 PC방입니다 2층매장 소방 有
[2026. 5. 18. AM 2:43:58] [INFO]    - 작성자: 이동****
[2026. 5. 18. AM 2:43:58] [INFO]    - 날짜: 2023-04-10
[2026. 5. 18. AM 2:43:58] [INFO]    - 조회: 1725, 댓글: 0
[2026. 5. 18. AM 2:43:58] [INFO]    - 이미지: https://cdn.imweb.me/thumbnail/20230410/b0ef23e4a4616.jpeg
[2026. 5. 18. AM 2:43:58] [INFO]    - 설명: 1. 매물업종 : 성인PC방2. 매물위치 :  광진구 구의동3. 실평수 : 24평 4. 해...
[2026. 5. 18. AM 2:43:58] [INFO] Supabase 저장 중...
[2026. 5. 18. AM 2:43:58] [WARN] ✗ 게시글 저장 실패: 구로성피매매저업 - Could not find the 'image_url' column of 'posts' in the schema cache
[2026. 5. 18. AM 2:43:58] [WARN] ✗ 게시글 저장 실패: 서울 강북구 수유동 419사거리 성인pc방 - Could not find the 'image_url' column of 'posts' in the schema cache
[2026. 5. 18. AM 2:43:58] [WARN] ✗ 게시글 저장 실패: 중곡동 위치한 피씨방 팝니다!!! - Could not find the 'image_url' column of 'posts' in the schema cache
[2026. 5. 18. AM 2:43:58] [WARN] ✗ 게시글 저장 실패: 구의동 먹자골목 내 상권좋은곳에 있는 PC방입니다 2층매장 소방 有 - Could not find the 'image_url' column of 'posts' in the schema cache
[2026. 5. 18. AM 2:43:58] [SUCCESS] ✓ 완료: 0개 게시글 추가됨, 4개 실패
[2026. 5. 18. AM 2:43:58] [INFO] 크롤링 완료

[2026. 5. 18. AM 2:44:31] [INFO] Playwright 브라우저 시작 중...
[2026. 5. 18. AM 2:44:31] [INFO] 페이지 8 크롤링 중...
[2026. 5. 18. AM 2:44:34] [INFO] 페이지 8: 4개 게시글 발견
[2026. 5. 18. AM 2:44:35] [INFO] 총 4개 게시글 발견
[2026. 5. 18. AM 2:44:35] [INFO] === 발견된 게시글 ===
[2026. 5. 18. AM 2:44:35] [INFO] 1. 구로성피매매저업
[2026. 5. 18. AM 2:44:35] [INFO]    - 작성자: 김민****
[2026. 5. 18. AM 2:44:35] [INFO]    - 날짜: 2023-05-19
[2026. 5. 18. AM 2:44:35] [INFO]    - 조회: 1080, 댓글: 3
[2026. 5. 18. AM 2:44:35] [INFO]    - 이미지: (없음)
[2026. 5. 18. AM 2:44:35] [INFO]    - 설명: 1. 매물업종 : 성인PC방2. 매물위치 : 구로3. 실평수 : 74. 해당층 : 15. ...
[2026. 5. 18. AM 2:44:35] [INFO] 2. 서울 강북구 수유동 419사거리 성인pc방
[2026. 5. 18. AM 2:44:35] [INFO]    - 작성자: 김찬****
[2026. 5. 18. AM 2:44:35] [INFO]    - 날짜: 2023-05-15
[2026. 5. 18. AM 2:44:35] [INFO]    - 조회: 871, 댓글: 0
[2026. 5. 18. AM 2:44:35] [INFO]    - 이미지: (없음)
[2026. 5. 18. AM 2:44:35] [INFO]    - 설명: 1. 매물업종 : 성인PC방2. 매물위치 : 강북구 수유동 419사거리3. 실평수 : 7평...
[2026. 5. 18. AM 2:44:35] [INFO] 3. 중곡동 위치한 피씨방 팝니다!!!
[2026. 5. 18. AM 2:44:35] [INFO]    - 작성자: 이상****
[2026. 5. 18. AM 2:44:35] [INFO]    - 날짜: 2023-05-01
[2026. 5. 18. AM 2:44:35] [INFO]    - 조회: 1222, 댓글: 0
[2026. 5. 18. AM 2:44:35] [INFO]    - 이미지: https://cdn.imweb.me/thumbnail/20230501/59c94cde88ca6.jpeg
[2026. 5. 18. AM 2:44:35] [INFO]    - 설명: 1. 매물업종 : 성인PC방2. 매물위치 : 서울시 광진구 중곡동(장평교부근)3. 실평수 ...
[2026. 5. 18. AM 2:44:35] [INFO] 4. 구의동 먹자골목 내 상권좋은곳에 있는 PC방입니다 2층매장 소방 有
[2026. 5. 18. AM 2:44:35] [INFO]    - 작성자: 이동****
[2026. 5. 18. AM 2:44:35] [INFO]    - 날짜: 2023-04-10
[2026. 5. 18. AM 2:44:35] [INFO]    - 조회: 1725, 댓글: 0
[2026. 5. 18. AM 2:44:35] [INFO]    - 이미지: https://cdn.imweb.me/thumbnail/20230410/b0ef23e4a4616.jpeg
[2026. 5. 18. AM 2:44:35] [INFO]    - 설명: 1. 매물업종 : 성인PC방2. 매물위치 :  광진구 구의동3. 실평수 : 24평 4. 해...
[2026. 5. 18. AM 2:44:35] [INFO] Supabase 저장 중...
[2026. 5. 18. AM 2:44:35] [INFO] ✓ 저장됨: 구로성피매매저업
[2026. 5. 18. AM 2:44:35] [INFO] ✓ 저장됨: 서울 강북구 수유동 419사거리 성인pc방
[2026. 5. 18. AM 2:44:35] [INFO] ✓ 저장됨: 중곡동 위치한 피씨방 팝니다!!! (이미지: 포함)
[2026. 5. 18. AM 2:44:35] [INFO] ✓ 저장됨: 구의동 먹자골목 내 상권좋은곳에 있는 PC방입니다 2층매장 소방 有 (이미지: 포함)
[2026. 5. 18. AM 2:44:35] [SUCCESS] ✓ 완료: 4개 게시글 추가됨, 0개 실패
[2026. 5. 18. AM 2:44:35] [INFO] 크롤링 완료

