[2026. 5. 18. AM 3:36:45] [INFO] Playwright 브라우저 시작 중...
[2026. 5. 18. AM 3:36:45] [INFO] 로그인 중...
[2026. 5. 18. AM 3:36:48] [INFO] ⚠ 로그인 폼을 찾을 수 없음, 계속 진행...
[2026. 5. 18. AM 3:36:48] [INFO] 페이지 8 크롤링 중...
[2026. 5. 18. AM 3:36:50] [INFO] 페이지 8: 2개 게시글 발견 (이미지 있는 것만)
[2026. 5. 18. AM 3:36:50] [INFO] 1. 중곡동 위치한 피씨방 팝니다!!!
[2026. 5. 18. AM 3:36:50] [INFO] 2. 구의동 먹자골목 내 상권좋은곳에 있는 PC방입니다 2층매장 소방 有
[2026. 5. 18. AM 3:36:50] [INFO]   상세 페이지 로드: 중곡동 위치한 피씨방 팝니다!!!
[2026. 5. 18. AM 3:37:21] [WARN]     ⚠ 상세 페이지 로드 실패: page.click: Timeout 30000ms exceeded.
Call log:
[2m  - waiting for locator('a.title_link:nth-child(3)')[22m

[2026. 5. 18. AM 3:37:21] [INFO]   상세 페이지 로드: 구의동 먹자골목 내 상권좋은곳에 있는 PC방입니다 2층매장 소방 有
[2026. 5. 18. AM 3:37:52] [WARN]     ⚠ 상세 페이지 로드 실패: page.click: Timeout 30000ms exceeded.
Call log:
[2m  - waiting for locator('a.title_link:nth-child(4)')[22m

[2026. 5. 18. AM 3:37:53] [INFO] 
총 2개 게시글 발견 (이미지 있는 것만)
[2026. 5. 18. AM 3:37:53] [INFO] Supabase 저장 중...
[2026. 5. 18. AM 3:37:54] [INFO] ✓ 저장됨: 중곡동 위치한 피씨방 팝니다!!! (이미지: 0개)
[2026. 5. 18. AM 3:37:54] [INFO] ✓ 저장됨: 구의동 먹자골목 내 상권좋은곳에 있는 PC방입니다 2층매장 소방 有 (이미지: 0개)
[2026. 5. 18. AM 3:37:54] [SUCCESS] ✓ 완료: 2개 게시글 추가됨, 0개 실패
