[2026. 5. 18. AM 2:33:06] [INFO] Playwright 브라우저 시작 중...
[2026. 5. 18. AM 2:33:07] [INFO] 페이지 8 크롤링 중...
[2026. 5. 18. AM 2:33:12] [INFO] 페이지 8: 19개 게시글 발견
[2026. 5. 18. AM 2:33:13] [INFO] 총 19개 게시글 발견
[2026. 5. 18. AM 2:33:13] [INFO] === 발견된 게시글 ===
[2026. 5. 18. AM 2:33:13] [INFO] 1. 회원가입
[2026. 5. 18. AM 2:33:13] [INFO]    - URL: https://www.xn--3e0b036btifksj.comjavascript:;
[2026. 5. 18. AM 2:33:13] [INFO]    - 조회: 0, 날짜: 2026-05-17
[2026. 5. 18. AM 2:33:13] [INFO] 2. PC방 팝니다
[2026. 5. 18. AM 2:33:13] [INFO]    - URL: https://www.xn--3e0b036btifksj.com/17
[2026. 5. 18. AM 2:33:13] [INFO]    - 조회: 0, 날짜: 2026-05-17
[2026. 5. 18. AM 2:33:13] [INFO] 3. PC방 삽니다
[2026. 5. 18. AM 2:33:13] [INFO]    - URL: https://www.xn--3e0b036btifksj.com/118
[2026. 5. 18. AM 2:33:13] [INFO]    - 조회: 0, 날짜: 2026-05-17
[2026. 5. 18. AM 2:33:13] [INFO] 4. 중고장터
[2026. 5. 18. AM 2:33:13] [INFO]    - URL: https://www.xn--3e0b036btifksj.com/14
[2026. 5. 18. AM 2:33:13] [INFO]    - 조회: 0, 날짜: 2026-05-17
[2026. 5. 18. AM 2:33:13] [INFO] 5. 구인구직
[2026. 5. 18. AM 2:33:13] [INFO]    - URL: https://www.xn--3e0b036btifksj.com/15
[2026. 5. 18. AM 2:33:13] [INFO]    - 조회: 0, 날짜: 2026-05-17
[2026. 5. 18. AM 2:33:13] [INFO] 6. 커뮤니티
[2026. 5. 18. AM 2:33:13] [INFO]    - URL: https://www.xn--3e0b036btifksj.com/18
[2026. 5. 18. AM 2:33:13] [INFO]    - 조회: 0, 날짜: 2026-05-17
[2026. 5. 18. AM 2:33:13] [INFO] 7. 공지사항
[2026. 5. 18. AM 2:33:13] [INFO]    - URL: https://www.xn--3e0b036btifksj.com/163
[2026. 5. 18. AM 2:33:13] [INFO]    - 조회: 0, 날짜: 2026-05-17
[2026. 5. 18. AM 2:33:13] [INFO] 8. 고객센터
[2026. 5. 18. AM 2:33:13] [INFO]    - URL: https://www.xn--3e0b036btifksj.com/20
[2026. 5. 18. AM 2:33:13] [INFO]    - 조회: 0, 날짜: 2026-05-17
[2026. 5. 18. AM 2:33:13] [INFO] 9. 인천광역시
[2026. 5. 18. AM 2:33:13] [INFO]    - URL: https://www.xn--3e0b036btifksj.com/91
[2026. 5. 18. AM 2:33:13] [INFO]    - 조회: 0, 날짜: 2026-05-17
[2026. 5. 18. AM 2:33:13] [INFO] 10. 충청북도
[2026. 5. 18. AM 2:33:13] [INFO]    - URL: https://www.xn--3e0b036btifksj.com/90
[2026. 5. 18. AM 2:33:13] [INFO]    - 조회: 0, 날짜: 2026-05-17
[2026. 5. 18. AM 2:33:13] [INFO] 11. 충청남도
[2026. 5. 18. AM 2:33:13] [INFO]    - URL: https://www.xn--3e0b036btifksj.com/89
[2026. 5. 18. AM 2:33:13] [INFO]    - 조회: 0, 날짜: 2026-05-17
[2026. 5. 18. AM 2:33:13] [INFO] 12. 경상북도
[2026. 5. 18. AM 2:33:13] [INFO]    - URL: https://www.xn--3e0b036btifksj.com/88
[2026. 5. 18. AM 2:33:13] [INFO]    - 조회: 0, 날짜: 2026-05-17
[2026. 5. 18. AM 2:33:13] [INFO] 13. 경상남도
[2026. 5. 18. AM 2:33:13] [INFO]    - URL: https://www.xn--3e0b036btifksj.com/87
[2026. 5. 18. AM 2:33:13] [INFO]    - 조회: 0, 날짜: 2026-05-17
[2026. 5. 18. AM 2:33:13] [INFO] 14. 전라북도
[2026. 5. 18. AM 2:33:13] [INFO]    - URL: https://www.xn--3e0b036btifksj.com/86
[2026. 5. 18. AM 2:33:13] [INFO]    - 조회: 0, 날짜: 2026-05-17
[2026. 5. 18. AM 2:33:13] [INFO] 15. 전라남도
[2026. 5. 18. AM 2:33:13] [INFO]    - URL: https://www.xn--3e0b036btifksj.com/85
[2026. 5. 18. AM 2:33:13] [INFO]    - 조회: 0, 날짜: 2026-05-17
[2026. 5. 18. AM 2:33:13] [INFO] 16. 공지
										
										
											구로성피매매저업										
									
									
									
																		1. 매물업종 : 성인PC방2. 매물위치 : 구로3. 실평수 : 74. 해당층 : 15. 보증금 : 5006. 희망권리금 : 2007. 월세 : 508. 시설집기 : 예)PC5대,...								
								
							
							
								김민****																							
							
								2023-05-19							
															
								조회수
								1080							
								
								

									
										
										
									


									 
									0
								
							
								
								3
[2026. 5. 18. AM 2:33:13] [INFO]    - URL: https://www.xn--3e0b036btifksj.comnull
[2026. 5. 18. AM 2:33:13] [INFO]    - 조회: 0, 날짜: 2023-05-19
[2026. 5. 18. AM 2:33:13] [INFO] 17. 공지
										
										
											서울 강북구 수유동 419사거리 성인pc방										
									
									
									
																		1. 매물업종 : 성인PC방2. 매물위치 : 강북구 수유동 419사거리3. 실평수 : 7평4. 해당층 : 1층5. 보증금 :1000만원 6. 희망권리금 : 700만원7. 월세 : ...								
								
							
							
								김찬****																							
							
								2023-05-15							
															
								조회수
								871							
								
								

									
										
										
									


									 
									0
								
							
								
								0
[2026. 5. 18. AM 2:33:13] [INFO]    - URL: https://www.xn--3e0b036btifksj.comnull
[2026. 5. 18. AM 2:33:13] [INFO]    - 조회: 0, 날짜: 2023-05-15
[2026. 5. 18. AM 2:33:13] [INFO] 18. 게시판 썸네일
[2026. 5. 18. AM 2:33:13] [INFO]    - URL: https://www.xn--3e0b036btifksj.comjavascript:;
[2026. 5. 18. AM 2:33:13] [INFO]    - 조회: 0, 날짜: 2023-05-01
[2026. 5. 18. AM 2:33:13] [INFO] 19. 게시판 썸네일
[2026. 5. 18. AM 2:33:13] [INFO]    - URL: https://www.xn--3e0b036btifksj.comjavascript:;
[2026. 5. 18. AM 2:33:13] [INFO]    - 조회: 0, 날짜: 2023-04-10
[2026. 5. 18. AM 2:33:13] [INFO] 크롤링 완료

