[2026. 5. 18. AM 3:25:54] [INFO] Playwright 브라우저 시작 중...
[2026. 5. 18. AM 3:25:54] [INFO] 페이지 8 크롤링 중...
[2026. 5. 18. AM 3:26:00] [INFO] 페이지 8: 2개 게시글 발견 (이미지 있는 것만)
[2026. 5. 18. AM 3:26:00] [INFO]   상세 페이지 로드 중: 중곡동 위치한 피씨방 팝니다!!!
[2026. 5. 18. AM 3:26:01] [INFO]     ✓ 이미지: 10개
[2026. 5. 18. AM 3:26:01] [INFO]       1. https://cdn.imweb.me/upload/S2019122064395b58816bc/fb789c363...
[2026. 5. 18. AM 3:26:01] [INFO]       2. https://cdn.imweb.me/thumbnail/20200203/42c9e4b47f18d.png...
[2026. 5. 18. AM 3:26:02] [INFO]       3. https://cdn.imweb.me/thumbnail/20220312/87d1994a2c00d.png...
[2026. 5. 18. AM 3:26:02] [INFO]       4. https://cdn.imweb.me/thumbnail/20241104/bbf57b51fe67d.gif...
[2026. 5. 18. AM 3:26:02] [INFO]       5. https://cdn.imweb.me/thumbnail/20240229/59dacfa2188e9.jpg...
[2026. 5. 18. AM 3:26:02] [INFO]       6. https://cdn.imweb.me/thumbnail/20260517/08eb68a294c32.jpg...
[2026. 5. 18. AM 3:26:02] [INFO]       7. https://cdn.imweb.me/thumbnail/20260516/cf838af415635.jpg...
[2026. 5. 18. AM 3:26:02] [INFO]       8. https://cdn.imweb.me/thumbnail/20260516/cca0b3d8c8610.jpeg...
[2026. 5. 18. AM 3:26:02] [INFO]       9. https://cdn.imweb.me/thumbnail/20260513/3cfac879ccf4f.jpg...
[2026. 5. 18. AM 3:26:02] [INFO]       10. https://cdn.imweb.me/thumbnail/20260513/6487662a029d6.png...
[2026. 5. 18. AM 3:26:02] [INFO]   상세 페이지 로드 중: 구의동 먹자골목 내 상권좋은곳에 있는 PC방입니다 2층매장 소방 有
[2026. 5. 18. AM 3:26:03] [INFO]     ✓ 이미지: 10개
[2026. 5. 18. AM 3:26:03] [INFO]       1. https://cdn.imweb.me/upload/S2019122064395b58816bc/fb789c363...
[2026. 5. 18. AM 3:26:03] [INFO]       2. https://cdn.imweb.me/thumbnail/20200203/42c9e4b47f18d.png...
[2026. 5. 18. AM 3:26:03] [INFO]       3. https://cdn.imweb.me/thumbnail/20220312/87d1994a2c00d.png...
[2026. 5. 18. AM 3:26:03] [INFO]       4. https://cdn.imweb.me/thumbnail/20241104/bbf57b51fe67d.gif...
[2026. 5. 18. AM 3:26:03] [INFO]       5. https://cdn.imweb.me/thumbnail/20240229/59dacfa2188e9.jpg...
[2026. 5. 18. AM 3:26:03] [INFO]       6. https://cdn.imweb.me/thumbnail/20260517/08eb68a294c32.jpg...
[2026. 5. 18. AM 3:26:03] [INFO]       7. https://cdn.imweb.me/thumbnail/20260516/cf838af415635.jpg...
[2026. 5. 18. AM 3:26:03] [INFO]       8. https://cdn.imweb.me/thumbnail/20260516/cca0b3d8c8610.jpeg...
[2026. 5. 18. AM 3:26:03] [INFO]       9. https://cdn.imweb.me/thumbnail/20260513/3cfac879ccf4f.jpg...
[2026. 5. 18. AM 3:26:03] [INFO]       10. https://cdn.imweb.me/thumbnail/20260513/6487662a029d6.png...
[2026. 5. 18. AM 3:26:04] [INFO] 총 2개 게시글 발견 (이미지 있는 것만)
[2026. 5. 18. AM 3:26:04] [INFO] Supabase 저장 중...
[2026. 5. 18. AM 3:26:04] [INFO] ✓ 저장됨: 






						
						._banner_S2019122064395b58816bc_108843 .banner_img {
							height: auto;
						
[2026. 5. 18. AM 3:26:04] [INFO] ✓ 저장됨: 






						
						._banner_S2019122064395b58816bc_108843 .banner_img {
							height: auto;
						
[2026. 5. 18. AM 3:26:04] [SUCCESS] ✓ 완료: 2개 게시글 추가됨, 0개 실패
