[2026. 5. 18. AM 2:56:29] [INFO] Playwright 브라우저 시작 중...
[2026. 5. 18. AM 2:56:29] [INFO] 페이지 8 크롤링 중...
[2026. 5. 18. AM 2:56:32] [INFO] 페이지 8: 2개 게시글 발견 (이미지 있는 것만)
[2026. 5. 18. AM 2:56:33] [INFO] ✓ 상세 페이지 로드됨: 






						
						._banner_S2019122064395b58816bc_108843 .banner_img {
							height: auto;
						
[2026. 5. 18. AM 2:56:33] [INFO]   이미지 13개 발견
[2026. 5. 18. AM 2:56:35] [INFO] ✓ 상세 페이지 로드됨: 






						
						._banner_S2019122064395b58816bc_108843 .banner_img {
							height: auto;
						
[2026. 5. 18. AM 2:56:35] [INFO]   이미지 13개 발견
[2026. 5. 18. AM 2:56:35] [INFO] 총 2개 게시글 발견 (이미지 있는 것만)
[2026. 5. 18. AM 2:56:35] [INFO] === 발견된 게시글 ===
[2026. 5. 18. AM 2:56:35] [INFO] 1. 






						
						._banner_S2019122064395b58816b
[2026. 5. 18. AM 2:56:35] [INFO]    - 게시글 ID: p20230501948641a7bc92f
[2026. 5. 18. AM 2:56:35] [INFO]    - 이미지: 13개
[2026. 5. 18. AM 2:56:35] [INFO]      1. https://cdn.imweb.me/upload/S2019122064395b58816bc/fb789c363335a.png...
[2026. 5. 18. AM 2:56:35] [INFO]      2. https://cdn.imweb.me/thumbnail/20200203/42c9e4b47f18d.png...
[2026. 5. 18. AM 2:56:35] [INFO]      3. https://cdn.imweb.me/thumbnail/20220312/87d1994a2c00d.png...
[2026. 5. 18. AM 2:56:35] [INFO]      4. https://cdn.imweb.me/thumbnail/20241104/bbf57b51fe67d.gif...
[2026. 5. 18. AM 2:56:35] [INFO]      5. https://cdn.imweb.me/thumbnail/20240229/59dacfa2188e9.jpg...
[2026. 5. 18. AM 2:56:35] [INFO]      6. https://cdn.imweb.me/thumbnail/20260517/08eb68a294c32.jpg...
[2026. 5. 18. AM 2:56:35] [INFO]      7. https://cdn.imweb.me/thumbnail/20260516/cf838af415635.jpg...
[2026. 5. 18. AM 2:56:35] [INFO]      8. https://cdn.imweb.me/thumbnail/20260516/cca0b3d8c8610.jpeg...
[2026. 5. 18. AM 2:56:35] [INFO]      9. https://cdn.imweb.me/thumbnail/20260513/3cfac879ccf4f.jpg...
[2026. 5. 18. AM 2:56:35] [INFO]      10. https://cdn.imweb.me/thumbnail/20260513/6487662a029d6.png...
[2026. 5. 18. AM 2:56:35] [INFO]      11. https://cdn.imweb.me/thumbnail/20260508/76807f2495db0.jpg...
[2026. 5. 18. AM 2:56:35] [INFO]      12. https://cdn.imweb.me/thumbnail/20260420/0548c5d7f5127.png...
[2026. 5. 18. AM 2:56:35] [INFO]      13. https://cdn.imweb.me/thumbnail/20260414/359af377424a6.jpg...
[2026. 5. 18. AM 2:56:35] [INFO] 2. 






						
						._banner_S2019122064395b58816b
[2026. 5. 18. AM 2:56:35] [INFO]    - 게시글 ID: p20230410358600eb6c03b
[2026. 5. 18. AM 2:56:35] [INFO]    - 이미지: 13개
[2026. 5. 18. AM 2:56:35] [INFO]      1. https://cdn.imweb.me/upload/S2019122064395b58816bc/fb789c363335a.png...
[2026. 5. 18. AM 2:56:35] [INFO]      2. https://cdn.imweb.me/thumbnail/20200203/42c9e4b47f18d.png...
[2026. 5. 18. AM 2:56:35] [INFO]      3. https://cdn.imweb.me/thumbnail/20220312/87d1994a2c00d.png...
[2026. 5. 18. AM 2:56:35] [INFO]      4. https://cdn.imweb.me/thumbnail/20241104/bbf57b51fe67d.gif...
[2026. 5. 18. AM 2:56:35] [INFO]      5. https://cdn.imweb.me/thumbnail/20240229/59dacfa2188e9.jpg...
[2026. 5. 18. AM 2:56:35] [INFO]      6. https://cdn.imweb.me/thumbnail/20260517/08eb68a294c32.jpg...
[2026. 5. 18. AM 2:56:35] [INFO]      7. https://cdn.imweb.me/thumbnail/20260516/cf838af415635.jpg...
[2026. 5. 18. AM 2:56:35] [INFO]      8. https://cdn.imweb.me/thumbnail/20260516/cca0b3d8c8610.jpeg...
[2026. 5. 18. AM 2:56:35] [INFO]      9. https://cdn.imweb.me/thumbnail/20260513/3cfac879ccf4f.jpg...
[2026. 5. 18. AM 2:56:35] [INFO]      10. https://cdn.imweb.me/thumbnail/20260513/6487662a029d6.png...
[2026. 5. 18. AM 2:56:35] [INFO]      11. https://cdn.imweb.me/thumbnail/20260508/76807f2495db0.jpg...
[2026. 5. 18. AM 2:56:35] [INFO]      12. https://cdn.imweb.me/thumbnail/20260420/0548c5d7f5127.png...
[2026. 5. 18. AM 2:56:35] [INFO]      13. https://cdn.imweb.me/thumbnail/20260414/359af377424a6.jpg...
