[2026. 5. 18. AM 4:38:05] [INFO] 🔐 저장된 세션으로 Playwright 초기화 중...
[2026. 5. 18. AM 4:38:05] [ERROR] ❌ 예상치 못한 오류: browser.createBrowserContext is not a function
[2026. 5. 18. AM 4:38:14] [INFO] 🔐 저장된 세션으로 Playwright 초기화 중...
[2026. 5. 18. AM 4:38:14] [ERROR] ❌ 예상치 못한 오류: browser.createBrowserContext is not a function
[2026. 5. 18. AM 4:39:39] [INFO] 🔐 저장된 세션으로 Playwright 초기화 중...
[2026. 5. 18. AM 4:39:39] [INFO]    ✓ 19개의 쿠키 로드됨
[2026. 5. 18. AM 4:39:39] [INFO]    ✓ 로컬 스토리지 복원됨
[2026. 5. 18. AM 4:39:39] [INFO] 1️⃣ 게시판 목록 접근
[2026. 5. 18. AM 4:39:45] [INFO] ✅ 발견된 게시글: 4개
[2026. 5. 18. AM 4:39:45] [INFO] 
📖 게시글 1/4: 구로성피매매저업
[2026. 5. 18. AM 4:39:45] [INFO]    상세 URL: https://www.xn--3e0b036btifksj.com/40/?mode=view&id=p20230519efa1fc4a837d9
[2026. 5. 18. AM 4:39:46] [INFO]    ✓ 본문: 1893자
[2026. 5. 18. AM 4:39:46] [INFO]    ✓ 12항목 데이터: 10줄
[2026. 5. 18. AM 4:39:46] [INFO]    ✓ 이미지: 13개
[2026. 5. 18. AM 4:39:46] [INFO] 
   📷 이미지 URL (처음 3개):
[2026. 5. 18. AM 4:39:46] [INFO]       1. https://cdn.imweb.me/upload/S2019122064395b58816bc/fb789c363335a.png...
[2026. 5. 18. AM 4:39:46] [INFO]       2. https://cdn.imweb.me/thumbnail/20200203/42c9e4b47f18d.png...
[2026. 5. 18. AM 4:39:46] [INFO]       3. https://cdn.imweb.me/thumbnail/20220312/87d1994a2c00d.png...
[2026. 5. 18. AM 4:39:47] [INFO] 
📖 게시글 2/4: 서울 강북구 수유동 419사거리 성인pc방
[2026. 5. 18. AM 4:39:47] [INFO]    상세 URL: https://www.xn--3e0b036btifksj.com/40/?mode=view&id=p2023051542519cd642c53
[2026. 5. 18. AM 4:39:48] [INFO]    ✓ 본문: 1893자
[2026. 5. 18. AM 4:39:48] [INFO]    ✓ 12항목 데이터: 10줄
[2026. 5. 18. AM 4:39:48] [INFO]    ✓ 이미지: 13개
[2026. 5. 18. AM 4:39:48] [INFO] 
   📷 이미지 URL (처음 3개):
[2026. 5. 18. AM 4:39:48] [INFO]       1. https://cdn.imweb.me/upload/S2019122064395b58816bc/fb789c363335a.png...
[2026. 5. 18. AM 4:39:48] [INFO]       2. https://cdn.imweb.me/thumbnail/20200203/42c9e4b47f18d.png...
[2026. 5. 18. AM 4:39:48] [INFO]       3. https://cdn.imweb.me/thumbnail/20220312/87d1994a2c00d.png...
[2026. 5. 18. AM 4:39:49] [INFO] 
📖 게시글 3/4: 중곡동 위치한 피씨방 팝니다!!!
[2026. 5. 18. AM 4:39:49] [INFO]    상세 URL: https://www.xn--3e0b036btifksj.com/40/?mode=view&id=p20230501948641a7bc92f
[2026. 5. 18. AM 4:39:50] [INFO]    ✓ 본문: 1893자
[2026. 5. 18. AM 4:39:50] [INFO]    ✓ 12항목 데이터: 10줄
[2026. 5. 18. AM 4:39:50] [INFO]    ✓ 이미지: 13개
[2026. 5. 18. AM 4:39:50] [INFO] 
   📷 이미지 URL (처음 3개):
[2026. 5. 18. AM 4:39:50] [INFO]       1. https://cdn.imweb.me/upload/S2019122064395b58816bc/fb789c363335a.png...
[2026. 5. 18. AM 4:39:50] [INFO]       2. https://cdn.imweb.me/thumbnail/20200203/42c9e4b47f18d.png...
[2026. 5. 18. AM 4:39:50] [INFO]       3. https://cdn.imweb.me/thumbnail/20220312/87d1994a2c00d.png...
[2026. 5. 18. AM 4:39:50] [INFO] 
📖 게시글 4/4: 구의동 먹자골목 내 상권좋은곳에 있는 PC방입니다 2층매장 소방 有
[2026. 5. 18. AM 4:39:50] [INFO]    상세 URL: https://www.xn--3e0b036btifksj.com/40/?mode=view&id=p20230410358600eb6c03b
[2026. 5. 18. AM 4:39:52] [INFO]    ✓ 본문: 1893자
[2026. 5. 18. AM 4:39:52] [INFO]    ✓ 12항목 데이터: 10줄
[2026. 5. 18. AM 4:39:52] [INFO]    ✓ 이미지: 13개
[2026. 5. 18. AM 4:39:52] [INFO] 
   📷 이미지 URL (처음 3개):
[2026. 5. 18. AM 4:39:52] [INFO]       1. https://cdn.imweb.me/upload/S2019122064395b58816bc/fb789c363335a.png...
[2026. 5. 18. AM 4:39:52] [INFO]       2. https://cdn.imweb.me/thumbnail/20200203/42c9e4b47f18d.png...
[2026. 5. 18. AM 4:39:52] [INFO]       3. https://cdn.imweb.me/thumbnail/20220312/87d1994a2c00d.png...
[2026. 5. 18. AM 4:39:52] [INFO] 
================================================================================
[2026. 5. 18. AM 4:39:52] [INFO] 📊 크롤링 완료
[2026. 5. 18. AM 4:39:52] [INFO] ================================================================================
[2026. 5. 18. AM 4:39:52] [INFO] ✅ 결과 저장: c:\Users\B\Desktop\aass\scripts\scrape-detail-result.json
[2026. 5. 18. AM 4:39:52] [INFO]    총 4개 게시글 처리
[2026. 5. 18. AM 4:39:52] [INFO]    성공: 4개, 실패: 0개
[2026. 5. 18. AM 4:39:52] [INFO] 
💾 저장된 데이터 샘플:
[2026. 5. 18. AM 4:39:52] [INFO] 
   제목: 구로성피매매저업
[2026. 5. 18. AM 4:39:52] [INFO]    본문 길이: 1893자
[2026. 5. 18. AM 4:39:52] [INFO]    이미지: 13개
[2026. 5. 18. AM 4:39:52] [INFO] 
   12항목 데이터 (처음 300자):
[2026. 5. 18. AM 4:39:52] [INFO]    1. 매물업종 : 성인PC방2. 매물위치 : 화곡동3. 실평수 : 184. 해당층 : 15. 보증금 : 20006. 희망권리금 : 20007. 월세 : 120 관리78. 시설집기 ...
1. 매물업종 : 성인PC방2. 매물위치 : 강서구 화곡동(곰달래길)3. 실평수 : 12평4. 해당층 : 1층5. 보증금 : 2천만원6. 희망권리금 : 2천만원(신규시설 8월이내...
1. 매물업종 : 성인PC방2. 매물위치 : 답십리3. 실평수 : 84. 해당층 : 1층5. 보증금 : 5006. 희망권리금 : 15007. 월세 : 858. 시설집기...
[2026. 5. 18. AM 4:39:52] [INFO] 
✨ 상세 이미지 크롤링이 완료되었습니다!
[2026. 5. 18. AM 4:39:52] [INFO]    다음: 모든 페이지(8→1)를 처리하는 최종 크롤러를 실행할 수 있습니다.
[2026. 5. 18. AM 4:49:45] [INFO] 🔐 저장된 세션으로 Playwright 초기화 중...
[2026. 5. 18. AM 4:49:46] [INFO]    ✓ 19개의 쿠키 로드됨
[2026. 5. 18. AM 4:49:46] [INFO]    ✓ 로컬 스토리지 복원됨
[2026. 5. 18. AM 4:49:46] [INFO] 1️⃣ 게시판 목록 접근
[2026. 5. 18. AM 4:49:48] [INFO] ✅ 발견된 게시글: 4개
[2026. 5. 18. AM 4:49:48] [INFO] 
📖 게시글 1/4: 구로성피매매저업
[2026. 5. 18. AM 4:49:48] [INFO]    상세 URL: https://www.xn--3e0b036btifksj.com/40/?mode=view&id=p20230519efa1fc4a837d9
[2026. 5. 18. AM 4:49:49] [INFO]    ✓ 본문: 1720자
[2026. 5. 18. AM 4:49:49] [INFO]    ✓ 12항목 데이터: 97줄
[2026. 5. 18. AM 4:49:49] [INFO]    ✓ 이미지: 11개
[2026. 5. 18. AM 4:49:49] [INFO] 
   📷 이미지 URL (처음 3개):
[2026. 5. 18. AM 4:49:49] [INFO]       1. https://cdn.imweb.me/thumbnail/20220312/87d1994a2c00d.png...
[2026. 5. 18. AM 4:49:49] [INFO]       2. https://cdn.imweb.me/thumbnail/20241104/bbf57b51fe67d.gif...
[2026. 5. 18. AM 4:49:49] [INFO]       3. https://cdn.imweb.me/thumbnail/20240229/59dacfa2188e9.jpg...
[2026. 5. 18. AM 4:49:50] [INFO] 
📖 게시글 2/4: 서울 강북구 수유동 419사거리 성인pc방
[2026. 5. 18. AM 4:49:50] [INFO]    상세 URL: https://www.xn--3e0b036btifksj.com/40/?mode=view&id=p2023051542519cd642c53
[2026. 5. 18. AM 4:49:51] [INFO]    ✓ 본문: 1720자
[2026. 5. 18. AM 4:49:51] [INFO]    ✓ 12항목 데이터: 97줄
[2026. 5. 18. AM 4:49:51] [INFO]    ✓ 이미지: 11개
[2026. 5. 18. AM 4:49:51] [INFO] 
   📷 이미지 URL (처음 3개):
[2026. 5. 18. AM 4:49:51] [INFO]       1. https://cdn.imweb.me/thumbnail/20220312/87d1994a2c00d.png...
[2026. 5. 18. AM 4:49:51] [INFO]       2. https://cdn.imweb.me/thumbnail/20241104/bbf57b51fe67d.gif...
[2026. 5. 18. AM 4:49:51] [INFO]       3. https://cdn.imweb.me/thumbnail/20240229/59dacfa2188e9.jpg...
[2026. 5. 18. AM 4:49:51] [INFO] 
📖 게시글 3/4: 중곡동 위치한 피씨방 팝니다!!!
[2026. 5. 18. AM 4:49:51] [INFO]    상세 URL: https://www.xn--3e0b036btifksj.com/40/?mode=view&id=p20230501948641a7bc92f
[2026. 5. 18. AM 4:49:52] [INFO]    ✓ 본문: 1720자
[2026. 5. 18. AM 4:49:52] [INFO]    ✓ 12항목 데이터: 97줄
[2026. 5. 18. AM 4:49:52] [INFO]    ✓ 이미지: 11개
[2026. 5. 18. AM 4:49:52] [INFO] 
   📷 이미지 URL (처음 3개):
[2026. 5. 18. AM 4:49:52] [INFO]       1. https://cdn.imweb.me/thumbnail/20220312/87d1994a2c00d.png...
[2026. 5. 18. AM 4:49:52] [INFO]       2. https://cdn.imweb.me/thumbnail/20241104/bbf57b51fe67d.gif...
[2026. 5. 18. AM 4:49:52] [INFO]       3. https://cdn.imweb.me/thumbnail/20240229/59dacfa2188e9.jpg...
[2026. 5. 18. AM 4:49:53] [INFO] 
📖 게시글 4/4: 구의동 먹자골목 내 상권좋은곳에 있는 PC방입니다 2층매장 소방 有
[2026. 5. 18. AM 4:49:53] [INFO]    상세 URL: https://www.xn--3e0b036btifksj.com/40/?mode=view&id=p20230410358600eb6c03b
[2026. 5. 18. AM 4:49:54] [INFO]    ✓ 본문: 1720자
[2026. 5. 18. AM 4:49:54] [INFO]    ✓ 12항목 데이터: 97줄
[2026. 5. 18. AM 4:49:54] [INFO]    ✓ 이미지: 11개
[2026. 5. 18. AM 4:49:54] [INFO] 
   📷 이미지 URL (처음 3개):
[2026. 5. 18. AM 4:49:54] [INFO]       1. https://cdn.imweb.me/thumbnail/20220312/87d1994a2c00d.png...
[2026. 5. 18. AM 4:49:54] [INFO]       2. https://cdn.imweb.me/thumbnail/20241104/bbf57b51fe67d.gif...
[2026. 5. 18. AM 4:49:54] [INFO]       3. https://cdn.imweb.me/thumbnail/20240229/59dacfa2188e9.jpg...
[2026. 5. 18. AM 4:49:55] [INFO] 
================================================================================
[2026. 5. 18. AM 4:49:55] [INFO] 📊 크롤링 완료
[2026. 5. 18. AM 4:49:55] [INFO] ================================================================================
[2026. 5. 18. AM 4:49:55] [INFO] ✅ 결과 저장: C:\Users\B\Desktop\aass\scripts\scrape-detail-result.json
[2026. 5. 18. AM 4:49:55] [INFO]    총 4개 게시글 처리
[2026. 5. 18. AM 4:49:55] [INFO]    성공: 4개, 실패: 0개
[2026. 5. 18. AM 4:49:55] [INFO] 
💾 저장된 데이터 샘플:
[2026. 5. 18. AM 4:49:55] [INFO] 
   제목: 구로성피매매저업
[2026. 5. 18. AM 4:49:55] [INFO]    본문 길이: 1720자
[2026. 5. 18. AM 4:49:55] [INFO]    이미지: 11개
[2026. 5. 18. AM 4:49:55] [INFO] 
   12항목 데이터 (처음 300자):
[2026. 5. 18. AM 4:49:55] [INFO]    1. 매물업종 : 성인PC방2. 매물위치 : 화곡동3. 실평수 : 184. 해당층 : 15. 보증금 : 20006. 희망권리금 : 20007. 월세 : 120 관리78. 시설집기 ...
루피****
16시간전
조회수 27
 0
 0
	
성인PC방 매매 N
1. 매물업종 : 성인PC방2. 매물위치 : 강서구 화곡동(곰달래길)3. 실평수 : 12평4. 해당층 : 1층5. 보증금 : 2천만원6. 희망권리금 : 2천만원(신규시설 8월이내...
김영****
19시간전
조회수 23
 0
 0
	
게시판 썸네일
	
서울 동대문구pc N
1. 매...
[2026. 5. 18. AM 4:49:55] [INFO] 
✨ 상세 이미지 크롤링이 완료되었습니다!
[2026. 5. 18. AM 4:49:55] [INFO]    다음: 모든 페이지(8→1)를 처리하는 최종 크롤러를 실행할 수 있습니다.
