[2026. 5. 18. AM 3:26:59] [INFO] Playwright 브라우저 시작 중...
[2026. 5. 18. AM 3:27:00] [INFO] 페이지 8 크롤링 중...
[2026. 5. 18. AM 3:27:03] [INFO] 페이지 8: 2개 게시글 발견 (이미지 있는 것만)
[2026. 5. 18. AM 3:27:03] [INFO] 1. 중곡동 위치한 피씨방 팝니다!!!
[2026. 5. 18. AM 3:27:03] [INFO]    내용 길이: 103자
[2026. 5. 18. AM 3:27:03] [INFO]    내용 일부: 1. 매물업종 : 성인PC방2. 매물위치 : 서울시 광진구 중곡동(장평교부근)3. 실평수 : 10평4. 해당층 : 1층5. 보증금 : 1000만6. 희망권리금 : 1000만7. 월...
[2026. 5. 18. AM 3:27:03] [INFO]    이미지: https://cdn.imweb.me/thumbnail/20230501/59c94cde88ca6.jpeg
[2026. 5. 18. AM 3:27:03] [INFO] 2. 구의동 먹자골목 내 상권좋은곳에 있는 PC방입니다 2층매장 소방 有
[2026. 5. 18. AM 3:27:03] [INFO]    내용 길이: 103자
[2026. 5. 18. AM 3:27:03] [INFO]    내용 일부: 1. 매물업종 : 성인PC방2. 매물위치 :  광진구 구의동3. 실평수 : 24평 4. 해당층 : 2층5. 보증금 : 10006. 희망권리금 : 20007. 월세 : 부가세 + 관...
[2026. 5. 18. AM 3:27:03] [INFO]    이미지: https://cdn.imweb.me/thumbnail/20230410/b0ef23e4a4616.jpeg
[2026. 5. 18. AM 3:27:03] [INFO]   상세 페이지에서 이미지 추출 중...
[2026. 5. 18. AM 3:27:04] [INFO]     ✓ 이미지 10개 발견
[2026. 5. 18. AM 3:27:05] [INFO]   상세 페이지에서 이미지 추출 중...
[2026. 5. 18. AM 3:27:07] [INFO]     ✓ 이미지 10개 발견
[2026. 5. 18. AM 3:27:09] [INFO] 
총 2개 게시글 발견 (이미지 있는 것만)
[2026. 5. 18. AM 3:27:09] [INFO] Supabase 저장 중...
[2026. 5. 18. AM 3:27:09] [INFO] ✓ 저장됨: 중곡동 위치한 피씨방 팝니다!!!
[2026. 5. 18. AM 3:27:09] [INFO] ✓ 저장됨: 구의동 먹자골목 내 상권좋은곳에 있는 PC방입니다 2층매장 소방 有
[2026. 5. 18. AM 3:27:09] [SUCCESS] ✓ 완료: 2개 게시글 추가됨, 0개 실패
