[2026. 5. 18. AM 3:29:43] [INFO] Playwright 브라우저 시작 중...
[2026. 5. 18. AM 3:29:43] [INFO] 페이지 8 크롤링 중...
[2026. 5. 18. AM 3:29:46] [INFO] 페이지 8: 2개 게시글 발견 (이미지 있는 것만)
[2026. 5. 18. AM 3:29:46] [INFO] 1. 중곡동 위치한 피씨방 팝니다!!!
[2026. 5. 18. AM 3:29:46] [INFO]    내용 길이: 103자
[2026. 5. 18. AM 3:29:46] [INFO] 2. 구의동 먹자골목 내 상권좋은곳에 있는 PC방입니다 2층매장 소방 有
[2026. 5. 18. AM 3:29:46] [INFO]    내용 길이: 103자
[2026. 5. 18. AM 3:29:46] [INFO]   상세 페이지에서 이미지 추출: 중곡동 위치한 피씨방 팝니다!!!
[2026. 5. 18. AM 3:29:47] [INFO]     ✓ 게시글 본문 이미지 8개 발견
[2026. 5. 18. AM 3:29:47] [INFO]       1. https://cdn.imweb.me/thumbnail/20260517/08eb68a294c32.jpg...
[2026. 5. 18. AM 3:29:47] [INFO]       2. https://cdn.imweb.me/thumbnail/20260516/cf838af415635.jpg...
[2026. 5. 18. AM 3:29:47] [INFO]       3. https://cdn.imweb.me/thumbnail/20260516/cca0b3d8c8610.jpeg...
[2026. 5. 18. AM 3:29:47] [INFO]       4. https://cdn.imweb.me/thumbnail/20260513/3cfac879ccf4f.jpg...
[2026. 5. 18. AM 3:29:47] [INFO]       5. https://cdn.imweb.me/thumbnail/20260513/6487662a029d6.png...
[2026. 5. 18. AM 3:29:47] [INFO]       ... 외 3개
[2026. 5. 18. AM 3:29:48] [INFO]   상세 페이지에서 이미지 추출: 구의동 먹자골목 내 상권좋은곳에 있는 PC방입니다 2층매장 소방 有
[2026. 5. 18. AM 3:29:49] [INFO]     ✓ 게시글 본문 이미지 8개 발견
[2026. 5. 18. AM 3:29:49] [INFO]       1. https://cdn.imweb.me/thumbnail/20260517/08eb68a294c32.jpg...
[2026. 5. 18. AM 3:29:49] [INFO]       2. https://cdn.imweb.me/thumbnail/20260516/cf838af415635.jpg...
[2026. 5. 18. AM 3:29:49] [INFO]       3. https://cdn.imweb.me/thumbnail/20260516/cca0b3d8c8610.jpeg...
[2026. 5. 18. AM 3:29:49] [INFO]       4. https://cdn.imweb.me/thumbnail/20260513/3cfac879ccf4f.jpg...
[2026. 5. 18. AM 3:29:49] [INFO]       5. https://cdn.imweb.me/thumbnail/20260513/6487662a029d6.png...
[2026. 5. 18. AM 3:29:49] [INFO]       ... 외 3개
[2026. 5. 18. AM 3:29:51] [INFO] 
총 2개 게시글 발견 (이미지 있는 것만)
[2026. 5. 18. AM 3:29:51] [INFO] Supabase 저장 중...
[2026. 5. 18. AM 3:29:51] [INFO] ✓ 저장됨: 중곡동 위치한 피씨방 팝니다!!! (이미지: 8개)
[2026. 5. 18. AM 3:29:51] [INFO] ✓ 저장됨: 구의동 먹자골목 내 상권좋은곳에 있는 PC방입니다 2층매장 소방 有 (이미지: 8개)
[2026. 5. 18. AM 3:29:51] [SUCCESS] ✓ 완료: 2개 게시글 추가됨, 0개 실패
