[2026. 5. 18. AM 3:40:27] [INFO] Playwright 브라우저 시작 중...
[2026. 5. 18. AM 3:40:27] [ERROR] ✗ 치명적 오류: browser.createBrowserContext is not a function
[2026. 5. 18. AM 3:40:43] [INFO] Playwright 브라우저 시작 중...
[2026. 5. 18. AM 3:40:43] [INFO] 사이트 초기 방문...
[2026. 5. 18. AM 3:40:46] [INFO] 페이지 8 크롤링 중...
[2026. 5. 18. AM 3:40:47] [INFO] 페이지 8: 2개 게시글 발견 (이미지 있는 것만)
[2026. 5. 18. AM 3:40:47] [INFO] 1. 중곡동 위치한 피씨방 팝니다!!!
[2026. 5. 18. AM 3:40:47] [INFO]    게시글 ID: p20230501948641a7bc92f
[2026. 5. 18. AM 3:40:47] [INFO] 2. 구의동 먹자골목 내 상권좋은곳에 있는 PC방입니다 2층매장 소방 有
[2026. 5. 18. AM 3:40:47] [INFO]    게시글 ID: p20230410358600eb6c03b
[2026. 5. 18. AM 3:40:47] [INFO]   상세 페이지 로드: 중곡동 위치한 피씨방 팝니다!!!
[2026. 5. 18. AM 3:40:49] [INFO]     ✓ 이미지 13개 발견
[2026. 5. 18. AM 3:40:49] [INFO]       1. https://cdn.imweb.me/upload/S2019122064395b58816bc/fb789c363...
[2026. 5. 18. AM 3:40:49] [INFO]       2. https://cdn.imweb.me/thumbnail/20200203/42c9e4b47f18d.png...
[2026. 5. 18. AM 3:40:49] [INFO]       3. https://cdn.imweb.me/thumbnail/20220312/87d1994a2c00d.png...
[2026. 5. 18. AM 3:40:49] [INFO]       4. https://cdn.imweb.me/thumbnail/20241104/bbf57b51fe67d.gif...
[2026. 5. 18. AM 3:40:49] [INFO]       ... 외 9개
[2026. 5. 18. AM 3:40:49] [INFO]   상세 페이지 로드: 구의동 먹자골목 내 상권좋은곳에 있는 PC방입니다 2층매장 소방 有
[2026. 5. 18. AM 3:40:50] [INFO]     ✓ 이미지 13개 발견
[2026. 5. 18. AM 3:40:50] [INFO]       1. https://cdn.imweb.me/upload/S2019122064395b58816bc/fb789c363...
[2026. 5. 18. AM 3:40:50] [INFO]       2. https://cdn.imweb.me/thumbnail/20200203/42c9e4b47f18d.png...
[2026. 5. 18. AM 3:40:50] [INFO]       3. https://cdn.imweb.me/thumbnail/20220312/87d1994a2c00d.png...
[2026. 5. 18. AM 3:40:50] [INFO]       4. https://cdn.imweb.me/thumbnail/20241104/bbf57b51fe67d.gif...
[2026. 5. 18. AM 3:40:50] [INFO]       ... 외 9개
[2026. 5. 18. AM 3:40:51] [INFO] 
총 2개 게시글 발견
[2026. 5. 18. AM 3:40:51] [INFO] Supabase 저장 중...
[2026. 5. 18. AM 3:40:51] [INFO] ✓ 저장됨: 중곡동 위치한 피씨방 팝니다!!! (이미지: 13개)
[2026. 5. 18. AM 3:40:51] [INFO] ✓ 저장됨: 구의동 먹자골목 내 상권좋은곳에 있는 PC방입니다 2층매장 소방 有 (이미지: 13개)
[2026. 5. 18. AM 3:40:51] [SUCCESS] ✓ 완료: 2개 게시글 추가됨, 0개 실패
[2026. 5. 18. AM 3:41:07] [INFO] Playwright 브라우저 시작 중...
[2026. 5. 18. AM 3:41:07] [INFO] 사이트 초기 방문...
[2026. 5. 18. AM 3:41:10] [INFO] 페이지 8 크롤링 중...
[2026. 5. 18. AM 3:41:13] [INFO] 페이지 8: 2개 게시글 발견 (이미지 있는 것만)
[2026. 5. 18. AM 3:41:13] [INFO] 1. 중곡동 위치한 피씨방 팝니다!!!
[2026. 5. 18. AM 3:41:13] [INFO]    게시글 ID: p20230501948641a7bc92f
[2026. 5. 18. AM 3:41:13] [INFO] 2. 구의동 먹자골목 내 상권좋은곳에 있는 PC방입니다 2층매장 소방 有
[2026. 5. 18. AM 3:41:13] [INFO]    게시글 ID: p20230410358600eb6c03b
[2026. 5. 18. AM 3:41:13] [INFO]   상세 페이지 로드: 중곡동 위치한 피씨방 팝니다!!!
[2026. 5. 18. AM 3:41:14] [INFO]     ✓ 이미지 13개 발견
[2026. 5. 18. AM 3:41:14] [INFO]       1. https://cdn.imweb.me/upload/S2019122064395b58816bc/fb789c363...
[2026. 5. 18. AM 3:41:14] [INFO]       2. https://cdn.imweb.me/thumbnail/20200203/42c9e4b47f18d.png...
[2026. 5. 18. AM 3:41:14] [INFO]       3. https://cdn.imweb.me/thumbnail/20220312/87d1994a2c00d.png...
[2026. 5. 18. AM 3:41:14] [INFO]       4. https://cdn.imweb.me/thumbnail/20241104/bbf57b51fe67d.gif...
[2026. 5. 18. AM 3:41:14] [INFO]       ... 외 9개
[2026. 5. 18. AM 3:41:14] [INFO]   상세 페이지 로드: 구의동 먹자골목 내 상권좋은곳에 있는 PC방입니다 2층매장 소방 有
[2026. 5. 18. AM 3:41:15] [INFO]     ✓ 이미지 13개 발견
[2026. 5. 18. AM 3:41:15] [INFO]       1. https://cdn.imweb.me/upload/S2019122064395b58816bc/fb789c363...
[2026. 5. 18. AM 3:41:15] [INFO]       2. https://cdn.imweb.me/thumbnail/20200203/42c9e4b47f18d.png...
[2026. 5. 18. AM 3:41:15] [INFO]       3. https://cdn.imweb.me/thumbnail/20220312/87d1994a2c00d.png...
[2026. 5. 18. AM 3:41:15] [INFO]       4. https://cdn.imweb.me/thumbnail/20241104/bbf57b51fe67d.gif...
[2026. 5. 18. AM 3:41:15] [INFO]       ... 외 9개
[2026. 5. 18. AM 3:41:16] [INFO] 
총 2개 게시글 발견
[2026. 5. 18. AM 3:41:16] [INFO] Supabase 저장 중...
[2026. 5. 18. AM 3:41:17] [INFO] ✓ 저장됨: 중곡동 위치한 피씨방 팝니다!!! (이미지: 13개)
[2026. 5. 18. AM 3:41:17] [INFO] ✓ 저장됨: 구의동 먹자골목 내 상권좋은곳에 있는 PC방입니다 2층매장 소방 有 (이미지: 13개)
[2026. 5. 18. AM 3:41:17] [SUCCESS] ✓ 완료: 2개 게시글 추가됨, 0개 실패
[2026. 5. 18. AM 3:44:57] [INFO] Playwright 브라우저 시작 중...
[2026. 5. 18. AM 3:44:57] [INFO] 사이트 초기 방문...
[2026. 5. 18. AM 3:44:59] [INFO] 페이지 8 크롤링 중...
[2026. 5. 18. AM 3:45:00] [INFO] 페이지 8: 2개 게시글 발견 (이미지 있는 것만)
[2026. 5. 18. AM 3:45:00] [INFO] 1. 중곡동 위치한 피씨방 팝니다!!!
[2026. 5. 18. AM 3:45:00] [INFO]    게시글 ID: p20230501948641a7bc92f
[2026. 5. 18. AM 3:45:00] [INFO] 2. 구의동 먹자골목 내 상권좋은곳에 있는 PC방입니다 2층매장 소방 有
[2026. 5. 18. AM 3:45:00] [INFO]    게시글 ID: p20230410358600eb6c03b
[2026. 5. 18. AM 3:45:00] [INFO]   상세 페이지 로드: 중곡동 위치한 피씨방 팝니다!!!
[2026. 5. 18. AM 3:45:02] [INFO]     ✓ 이미지 3개 발견
[2026. 5. 18. AM 3:45:02] [INFO]       1. https://cdn.imweb.me/thumbnail/20220312/87d1994a2c00d.png...
[2026. 5. 18. AM 3:45:02] [INFO]       2. https://cdn.imweb.me/thumbnail/20241104/bbf57b51fe67d.gif...
[2026. 5. 18. AM 3:45:02] [INFO]       3. https://cdn.imweb.me/thumbnail/20240229/59dacfa2188e9.jpg...
[2026. 5. 18. AM 3:45:02] [INFO]   상세 페이지 로드: 구의동 먹자골목 내 상권좋은곳에 있는 PC방입니다 2층매장 소방 有
[2026. 5. 18. AM 3:45:02] [INFO]     ✓ 이미지 3개 발견
[2026. 5. 18. AM 3:45:02] [INFO]       1. https://cdn.imweb.me/thumbnail/20220312/87d1994a2c00d.png...
[2026. 5. 18. AM 3:45:02] [INFO]       2. https://cdn.imweb.me/thumbnail/20241104/bbf57b51fe67d.gif...
[2026. 5. 18. AM 3:45:02] [INFO]       3. https://cdn.imweb.me/thumbnail/20240229/59dacfa2188e9.jpg...
[2026. 5. 18. AM 3:45:03] [INFO] 
총 2개 게시글 발견
[2026. 5. 18. AM 3:45:03] [INFO] Supabase 저장 중...
[2026. 5. 18. AM 3:45:04] [INFO] ✓ 저장됨: 중곡동 위치한 피씨방 팝니다!!! (이미지: 3개)
[2026. 5. 18. AM 3:45:04] [INFO] ✓ 저장됨: 구의동 먹자골목 내 상권좋은곳에 있는 PC방입니다 2층매장 소방 有 (이미지: 3개)
[2026. 5. 18. AM 3:45:04] [SUCCESS] ✓ 완료: 2개 게시글 추가됨, 0개 실패
[2026. 5. 18. AM 3:46:31] [INFO] Playwright 브라우저 시작 중...
[2026. 5. 18. AM 3:46:32] [INFO] 사이트 초기 방문...
[2026. 5. 18. AM 3:46:34] [INFO] 페이지 8 크롤링 중...
[2026. 5. 18. AM 3:46:36] [INFO] 페이지 8: 2개 게시글 발견 (이미지 있는 것만)
[2026. 5. 18. AM 3:46:36] [INFO] 1. 중곡동 위치한 피씨방 팝니다!!!
[2026. 5. 18. AM 3:46:36] [INFO]    게시글 ID: p20230501948641a7bc92f
[2026. 5. 18. AM 3:46:36] [INFO] 2. 구의동 먹자골목 내 상권좋은곳에 있는 PC방입니다 2층매장 소방 有
[2026. 5. 18. AM 3:46:36] [INFO]    게시글 ID: p20230410358600eb6c03b
[2026. 5. 18. AM 3:46:36] [INFO]   상세 페이지 로드: 중곡동 위치한 피씨방 팝니다!!!
[2026. 5. 18. AM 3:46:37] [INFO]     ✓ 이미지 3개 발견
[2026. 5. 18. AM 3:46:37] [INFO]       1. https://cdn.imweb.me/thumbnail/20220312/87d1994a2c00d.png...
[2026. 5. 18. AM 3:46:37] [INFO]       2. https://cdn.imweb.me/thumbnail/20241104/bbf57b51fe67d.gif...
[2026. 5. 18. AM 3:46:37] [INFO]       3. https://cdn.imweb.me/thumbnail/20240229/59dacfa2188e9.jpg...
[2026. 5. 18. AM 3:46:37] [INFO]   상세 페이지 로드: 구의동 먹자골목 내 상권좋은곳에 있는 PC방입니다 2층매장 소방 有
[2026. 5. 18. AM 3:46:38] [INFO]     ✓ 이미지 3개 발견
[2026. 5. 18. AM 3:46:38] [INFO]       1. https://cdn.imweb.me/thumbnail/20220312/87d1994a2c00d.png...
[2026. 5. 18. AM 3:46:38] [INFO]       2. https://cdn.imweb.me/thumbnail/20241104/bbf57b51fe67d.gif...
[2026. 5. 18. AM 3:46:38] [INFO]       3. https://cdn.imweb.me/thumbnail/20240229/59dacfa2188e9.jpg...
[2026. 5. 18. AM 3:46:39] [INFO] 
총 2개 게시글 발견
[2026. 5. 18. AM 3:46:39] [INFO] Supabase 저장 중...
[2026. 5. 18. AM 3:46:40] [INFO] ✓ 저장됨: 중곡동 위치한 피씨방 팝니다!!! (이미지: 3개)
[2026. 5. 18. AM 3:46:40] [INFO] ✓ 저장됨: 구의동 먹자골목 내 상권좋은곳에 있는 PC방입니다 2층매장 소방 有 (이미지: 3개)
[2026. 5. 18. AM 3:46:40] [SUCCESS] ✓ 완료: 2개 게시글 추가됨, 0개 실패
[2026. 5. 18. AM 3:47:35] [INFO] Playwright 브라우저 시작 중...
[2026. 5. 18. AM 3:47:35] [INFO] 사이트 초기 방문...
[2026. 5. 18. AM 3:47:38] [INFO] 페이지 8 크롤링 중...
[2026. 5. 18. AM 3:47:39] [INFO] 페이지 8: 2개 게시글 발견 (이미지 있는 것만)
[2026. 5. 18. AM 3:47:39] [INFO] 1. 중곡동 위치한 피씨방 팝니다!!!
[2026. 5. 18. AM 3:47:40] [INFO]    게시글 ID: p20230501948641a7bc92f
[2026. 5. 18. AM 3:47:40] [INFO] 2. 구의동 먹자골목 내 상권좋은곳에 있는 PC방입니다 2층매장 소방 有
[2026. 5. 18. AM 3:47:40] [INFO]    게시글 ID: p20230410358600eb6c03b
[2026. 5. 18. AM 3:47:40] [INFO]   상세 페이지 로드: 중곡동 위치한 피씨방 팝니다!!!
[2026. 5. 18. AM 3:47:40] [INFO]     ✓ 이미지 3개 발견
[2026. 5. 18. AM 3:47:40] [INFO]       1. https://cdn.imweb.me/thumbnail/20220312/87d1994a2c00d.png...
[2026. 5. 18. AM 3:47:40] [INFO]       2. https://cdn.imweb.me/thumbnail/20241104/bbf57b51fe67d.gif...
[2026. 5. 18. AM 3:47:40] [INFO]       3. https://cdn.imweb.me/thumbnail/20240229/59dacfa2188e9.jpg...
[2026. 5. 18. AM 3:47:40] [INFO]   상세 페이지 로드: 구의동 먹자골목 내 상권좋은곳에 있는 PC방입니다 2층매장 소방 有
[2026. 5. 18. AM 3:47:42] [INFO]     ✓ 이미지 3개 발견
[2026. 5. 18. AM 3:47:42] [INFO]       1. https://cdn.imweb.me/thumbnail/20220312/87d1994a2c00d.png...
[2026. 5. 18. AM 3:47:42] [INFO]       2. https://cdn.imweb.me/thumbnail/20241104/bbf57b51fe67d.gif...
[2026. 5. 18. AM 3:47:42] [INFO]       3. https://cdn.imweb.me/thumbnail/20240229/59dacfa2188e9.jpg...
[2026. 5. 18. AM 3:47:43] [INFO] 
총 2개 게시글 발견
[2026. 5. 18. AM 3:47:43] [INFO] Supabase 저장 중...
[2026. 5. 18. AM 3:47:43] [INFO] ✓ 저장됨: 중곡동 위치한 피씨방 팝니다!!! (이미지: 3개)
[2026. 5. 18. AM 3:47:43] [INFO] ✓ 저장됨: 구의동 먹자골목 내 상권좋은곳에 있는 PC방입니다 2층매장 소방 有 (이미지: 3개)
[2026. 5. 18. AM 3:47:43] [SUCCESS] ✓ 완료: 2개 게시글 추가됨, 0개 실패
[2026. 5. 18. AM 3:49:02] [INFO] Playwright 브라우저 시작 중...
[2026. 5. 18. AM 3:49:02] [INFO] 사이트 초기 방문...
[2026. 5. 18. AM 3:49:04] [INFO] 페이지 8 크롤링 중...
[2026. 5. 18. AM 3:49:06] [INFO] 페이지 8: 2개 게시글 발견 (이미지 있는 것만)
[2026. 5. 18. AM 3:49:06] [INFO] 1. 중곡동 위치한 피씨방 팝니다!!!
[2026. 5. 18. AM 3:49:06] [INFO]    게시글 ID: p20230501948641a7bc92f
[2026. 5. 18. AM 3:49:06] [INFO] 2. 구의동 먹자골목 내 상권좋은곳에 있는 PC방입니다 2층매장 소방 有
[2026. 5. 18. AM 3:49:06] [INFO]    게시글 ID: p20230410358600eb6c03b
[2026. 5. 18. AM 3:49:06] [INFO]   상세 페이지 로드: 중곡동 위치한 피씨방 팝니다!!!
[2026. 5. 18. AM 3:49:07] [INFO]     ✓ 이미지 12개 발견
[2026. 5. 18. AM 3:49:07] [INFO]       1. https://cdn.imweb.me/upload/S2019122064395b58816bc/fb789c363...
[2026. 5. 18. AM 3:49:07] [INFO]       2. https://cdn.imweb.me/thumbnail/20220312/87d1994a2c00d.png...
[2026. 5. 18. AM 3:49:07] [INFO]       3. https://cdn.imweb.me/thumbnail/20241104/bbf57b51fe67d.gif...
[2026. 5. 18. AM 3:49:07] [INFO]       4. https://cdn.imweb.me/thumbnail/20240229/59dacfa2188e9.jpg...
[2026. 5. 18. AM 3:49:07] [INFO]       ... 외 8개
[2026. 5. 18. AM 3:49:07] [INFO]   상세 페이지 로드: 구의동 먹자골목 내 상권좋은곳에 있는 PC방입니다 2층매장 소방 有
[2026. 5. 18. AM 3:49:09] [INFO]     ✓ 이미지 12개 발견
[2026. 5. 18. AM 3:49:09] [INFO]       1. https://cdn.imweb.me/upload/S2019122064395b58816bc/fb789c363...
[2026. 5. 18. AM 3:49:09] [INFO]       2. https://cdn.imweb.me/thumbnail/20220312/87d1994a2c00d.png...
[2026. 5. 18. AM 3:49:09] [INFO]       3. https://cdn.imweb.me/thumbnail/20241104/bbf57b51fe67d.gif...
[2026. 5. 18. AM 3:49:09] [INFO]       4. https://cdn.imweb.me/thumbnail/20240229/59dacfa2188e9.jpg...
[2026. 5. 18. AM 3:49:09] [INFO]       ... 외 8개
[2026. 5. 18. AM 3:49:10] [INFO] 
총 2개 게시글 발견
[2026. 5. 18. AM 3:49:10] [INFO] Supabase 저장 중...
[2026. 5. 18. AM 3:49:10] [INFO] ✓ 저장됨: 중곡동 위치한 피씨방 팝니다!!! (이미지: 12개)
[2026. 5. 18. AM 3:49:10] [INFO] ✓ 저장됨: 구의동 먹자골목 내 상권좋은곳에 있는 PC방입니다 2층매장 소방 有 (이미지: 12개)
[2026. 5. 18. AM 3:49:10] [SUCCESS] ✓ 완료: 2개 게시글 추가됨, 0개 실패
